<html>
<body>
<pre>
<h1>µVision Build Log</h1>
<h2>Tool Versions:</h2>
IDE-Version: £gVision V5.18.0.0
Copyright (C) 2016 ARM Ltd and ARM Germany GmbH. All rights reserved.
License Information: Simon Ho, NCU, LIC=TA312-9KB8S-344ST-RKNXG-G19VS-4XPYJ
 
Tool Versions:
Toolchain:       MDK-ARM Professional  Version: 5.18
Toolchain Path:  C:\Keil_v5\ARM\ARMCC\Bin
C Compiler:      Armcc.exe V5.06 update 1 (build 61)
Assembler:       Armasm.exe V5.06 update 1 (build 61)
Linker/Locator:  ArmLink.exe V5.06 update 1 (build 61)
Library Manager: ArmAr.exe V5.06 update 1 (build 61)
Hex Converter:   FromElf.exe V5.06 update 1 (build 61)
CPU DLL:         SARMCM3.DLL V5.18
Dialog DLL:      DCM.DLL V1.13.6.0
Target DLL:      UL2CM3.DLL V1.157.5.0
Dialog DLL:      TCM.DLL V1.14.8.0
 
<h2>Project:</h2>
D:\Virtual-instrument\PVC_mini\MDK-ARM\PVC_mini_temp.uvprojx
Project File Date:  10/30/2017

<h2>Output:</h2>
*** Using Compiler 'V5.06 update 1 (build 61)', folder: 'C:\Keil_v5\ARM\ARMCC\Bin'
Rebuild target 'PVC_mini_temp'
assembling startup_stm32f767xx.s...
compiling usbd_cdc.c...
compiling system_stm32f7xx.c...
compiling usbd_ctlreq.c...
compiling usbd_core.c...
compiling usbd_ioreq.c...
compiling usbd_desc.c...
compiling usb_device.c...
compiling usbd_conf.c...
compiling stm32f7xx_hal_msp.c...
compiling stm32f7xx_it.c...
compiling usbd_cdc_if.c...
compiling main.c...
../Src/main.c(59): warning:  #1295-D: Deprecated declaration checkCommand - give arg types
  int checkCommand();
../Src/main.c(799): warning:  #177-D: variable "i" was declared but never referenced
  	uint16_t i;
../Src/main.c(800): warning:  #177-D: variable "Result" was declared but never referenced
  	uint8_t Result;
../Src/main.c(802): warning:  #177-D: variable "Buf" was declared but never referenced
  	uint8_t Buf[10] = {0};
../Src/main.c(803): warning:  #177-D: variable "Len" was declared but never referenced
  	uint32_t *Len;
../Src/main.c(856): warning:  #177-D: variable "i" was declared but never referenced
  	uint16_t i;
../Src/main.c(327): warning:  #177-D: function "MX_ETH_Init" was declared but never referenced
  static void MX_ETH_Init(void)
../Src/main.c(517): warning:  #177-D: function "MX_SDMMC1_SD_Init" was declared but never referenced
  static void MX_SDMMC1_SD_Init(void)
../Src/main.c: 8 warnings, 0 errors
compiling is42s16160g-6bl.c...
compiling test.c...
..\Src\test.c(12): warning:  #177-D: variable "i" was declared but never referenced
  	uint8_t i;
..\Src\test.c(39): warning:  #223-D: function "CDC_Transmit_HS" declared implicitly
  	CDC_Transmit_HS(TestBuf, 4);	
..\Src\test.c: 2 warnings, 0 errors
compiling stm32f7xx_hal_sdram.c...
compiling stm32f7xx_hal_i2c_ex.c...
compiling stm32f7xx_hal_flash_ex.c...
compiling stm32f7xx_hal_gpio.c...
compiling stm32f7xx_hal_dcmi.c...
compiling stm32f7xx_hal_dma.c...
compiling stm32f7xx_hal_dma_ex.c...
compiling stm32f7xx_hal_tim.c...
compiling stm32f7xx_ll_fmc.c...
compiling stm32f7xx_hal_sd.c...
compiling stm32f7xx_hal_tim_ex.c...
compiling stm32f7xx_hal_dcmi_ex.c...
compiling stm32f7xx_hal_spi.c...
compiling stm32f7xx_hal_ltdc.c...
compiling stm32f7xx_hal_dsi.c...
compiling stm32f7xx_ll_usb.c...
compiling stm32f7xx_hal_cortex.c...
compiling stm32f7xx_hal_eth.c...
compiling stm32f7xx_hal_ltdc_ex.c...
compiling stm32f7xx_hal_pcd_ex.c...
compiling stm32f7xx_hal_rcc.c...
compiling stm32f7xx_hal_i2c.c...
compiling stm32f7xx_hal_pwr.c...
compiling stm32f7xx_hal_i2s.c...
compiling stm32f7xx_hal_uart.c...
compiling stm32f7xx_hal_pwr_ex.c...
compiling stm32f7xx_hal_flash.c...
compiling stm32f7xx_hal_rcc_ex.c...
compiling stm32f7xx_hal_pcd.c...
compiling stm32f7xx_ll_sdmmc.c...
compiling stm32f7xx_hal.c...
compiling lib_stm32f7_ov5653.c...
linking...
Program Size: Code=32928 RO-data=584 RW-data=788 ZI-data=320240  
"PVC_mini_temp\PVC_mini_temp.axf" - 0 Error(s), 10 Warning(s).

<h2>Software Packages used:</h2>

Package Vendor: ARM
                http://www.keil.com/pack/ARM.CMSIS.5.0.1.pack
                ARM::CMSIS:CORE:5.0.1
                CMSIS (Cortex Microcontroller Software Interface Standard)
   * Component: CORE Version: 5.0.1

<h2>Collection of Component include folders:</h2>
  D:\Virtual-instrument\PVC_mini\MDK-ARM\RTE
  C:\Keil_v5\ARM\PACK\ARM\CMSIS\5.0.1\CMSIS\Include
  C:\Keil_v5\ARM\PACK\Keil\STM32F7xx_DFP\2.9.0\Drivers\CMSIS\Device\ST\STM32F7xx\Include

<h2>Collection of Component Files used:</h2>

   * Component: ARM::CMSIS:CORE:5.0.1
Build Time Elapsed:  00:01:23
</pre>
</body>
</html>
