Component: ARM Compiler 5.06 update 1 (build 61) Tool: armlink [4d35a8]

==============================================================================

Section Cross References

    system_stm32f7xx.o(i.SystemCoreClockUpdate) refers to system_stm32f7xx.o(.data) for SystemCoreClock
    system_stm32f7xx.o(i.SystemCoreClockUpdate) refers to system_stm32f7xx.o(.constdata) for AHBPrescTable
    startup_stm32f767xx.o(RESET) refers to startup_stm32f767xx.o(STACK) for __initial_sp
    startup_stm32f767xx.o(RESET) refers to startup_stm32f767xx.o(.text) for Reset_Handler
    startup_stm32f767xx.o(RESET) refers to stm32f7xx_it.o(i.NMI_Handler) for NMI_Handler
    startup_stm32f767xx.o(RESET) refers to stm32f7xx_it.o(i.HardFault_Handler) for HardFault_Handler
    startup_stm32f767xx.o(RESET) refers to stm32f7xx_it.o(i.MemManage_Handler) for MemManage_Handler
    startup_stm32f767xx.o(RESET) refers to stm32f7xx_it.o(i.BusFault_Handler) for BusFault_Handler
    startup_stm32f767xx.o(RESET) refers to stm32f7xx_it.o(i.UsageFault_Handler) for UsageFault_Handler
    startup_stm32f767xx.o(RESET) refers to stm32f7xx_it.o(i.SVC_Handler) for SVC_Handler
    startup_stm32f767xx.o(RESET) refers to stm32f7xx_it.o(i.DebugMon_Handler) for DebugMon_Handler
    startup_stm32f767xx.o(RESET) refers to stm32f7xx_it.o(i.PendSV_Handler) for PendSV_Handler
    startup_stm32f767xx.o(RESET) refers to stm32f7xx_it.o(i.SysTick_Handler) for SysTick_Handler
    startup_stm32f767xx.o(RESET) refers to stm32f7xx_it.o(i.DMA2_Stream1_IRQHandler) for DMA2_Stream1_IRQHandler
    startup_stm32f767xx.o(RESET) refers to stm32f7xx_it.o(i.OTG_HS_IRQHandler) for OTG_HS_IRQHandler
    startup_stm32f767xx.o(RESET) refers to stm32f7xx_it.o(i.DCMI_IRQHandler) for DCMI_IRQHandler
    startup_stm32f767xx.o(.text) refers to system_stm32f7xx.o(i.SystemInit) for SystemInit
    startup_stm32f767xx.o(.text) refers to entry.o(.ARM.Collect$$$$00000000) for __main
    usbd_ctlreq.o(i.USBD_ClrFeature) refers to usbd_ioreq.o(i.USBD_CtlSendStatus) for USBD_CtlSendStatus
    usbd_ctlreq.o(i.USBD_ClrFeature) refers to usbd_ctlreq.o(i.USBD_CtlError) for USBD_CtlError
    usbd_ctlreq.o(i.USBD_CtlError) refers to usbd_conf.o(i.USBD_LL_StallEP) for USBD_LL_StallEP
    usbd_ctlreq.o(i.USBD_GetConfig) refers to usbd_ctlreq.o(i.USBD_CtlError) for USBD_CtlError
    usbd_ctlreq.o(i.USBD_GetConfig) refers to usbd_ioreq.o(i.USBD_CtlSendData) for USBD_CtlSendData
    usbd_ctlreq.o(i.USBD_GetDescriptor) refers to usbd_ctlreq.o(i.USBD_CtlError) for USBD_CtlError
    usbd_ctlreq.o(i.USBD_GetDescriptor) refers to usbd_ioreq.o(i.USBD_CtlSendData) for USBD_CtlSendData
    usbd_ctlreq.o(i.USBD_GetStatus) refers to usbd_ioreq.o(i.USBD_CtlSendData) for USBD_CtlSendData
    usbd_ctlreq.o(i.USBD_GetStatus) refers to usbd_ctlreq.o(i.USBD_CtlError) for USBD_CtlError
    usbd_ctlreq.o(i.USBD_GetString) refers to usbd_ctlreq.o(i.USBD_GetLen) for USBD_GetLen
    usbd_ctlreq.o(i.USBD_SetAddress) refers to usbd_ctlreq.o(i.USBD_CtlError) for USBD_CtlError
    usbd_ctlreq.o(i.USBD_SetAddress) refers to usbd_conf.o(i.USBD_LL_SetUSBAddress) for USBD_LL_SetUSBAddress
    usbd_ctlreq.o(i.USBD_SetAddress) refers to usbd_ioreq.o(i.USBD_CtlSendStatus) for USBD_CtlSendStatus
    usbd_ctlreq.o(i.USBD_SetConfig) refers to usbd_ctlreq.o(i.USBD_CtlError) for USBD_CtlError
    usbd_ctlreq.o(i.USBD_SetConfig) refers to usbd_core.o(i.USBD_SetClassConfig) for USBD_SetClassConfig
    usbd_ctlreq.o(i.USBD_SetConfig) refers to usbd_ioreq.o(i.USBD_CtlSendStatus) for USBD_CtlSendStatus
    usbd_ctlreq.o(i.USBD_SetConfig) refers to usbd_core.o(i.USBD_ClrClassConfig) for USBD_ClrClassConfig
    usbd_ctlreq.o(i.USBD_SetConfig) refers to usbd_ctlreq.o(.data) for cfgidx
    usbd_ctlreq.o(i.USBD_SetFeature) refers to usbd_ioreq.o(i.USBD_CtlSendStatus) for USBD_CtlSendStatus
    usbd_ctlreq.o(i.USBD_StdDevReq) refers to usbd_ctlreq.o(i.USBD_GetDescriptor) for USBD_GetDescriptor
    usbd_ctlreq.o(i.USBD_StdDevReq) refers to usbd_ctlreq.o(i.USBD_SetAddress) for USBD_SetAddress
    usbd_ctlreq.o(i.USBD_StdDevReq) refers to usbd_ctlreq.o(i.USBD_SetConfig) for USBD_SetConfig
    usbd_ctlreq.o(i.USBD_StdDevReq) refers to usbd_ctlreq.o(i.USBD_GetConfig) for USBD_GetConfig
    usbd_ctlreq.o(i.USBD_StdDevReq) refers to usbd_ctlreq.o(i.USBD_GetStatus) for USBD_GetStatus
    usbd_ctlreq.o(i.USBD_StdDevReq) refers to usbd_ctlreq.o(i.USBD_SetFeature) for USBD_SetFeature
    usbd_ctlreq.o(i.USBD_StdDevReq) refers to usbd_ctlreq.o(i.USBD_ClrFeature) for USBD_ClrFeature
    usbd_ctlreq.o(i.USBD_StdDevReq) refers to usbd_ctlreq.o(i.USBD_CtlError) for USBD_CtlError
    usbd_ctlreq.o(i.USBD_StdEPReq) refers to usbd_conf.o(i.USBD_LL_StallEP) for USBD_LL_StallEP
    usbd_ctlreq.o(i.USBD_StdEPReq) refers to usbd_ioreq.o(i.USBD_CtlSendStatus) for USBD_CtlSendStatus
    usbd_ctlreq.o(i.USBD_StdEPReq) refers to usbd_ctlreq.o(i.USBD_CtlError) for USBD_CtlError
[...]
    i.USBD_CDC_DataOut                       0x08006546   Section        0  usbd_cdc.o(i.USBD_CDC_DataOut)
    USBD_CDC_DataOut                         0x08006547   Thumb Code    52  usbd_cdc.o(i.USBD_CDC_DataOut)
    i.USBD_CDC_DeInit                        0x0800657a   Section        0  usbd_cdc.o(i.USBD_CDC_DeInit)
    USBD_CDC_DeInit                          0x0800657b   Thumb Code    64  usbd_cdc.o(i.USBD_CDC_DeInit)
    i.USBD_CDC_EP0_RxReady                   0x080065ba   Section        0  usbd_cdc.o(i.USBD_CDC_EP0_RxReady)
    USBD_CDC_EP0_RxReady                     0x080065bb   Thumb Code    50  usbd_cdc.o(i.USBD_CDC_EP0_RxReady)
    i.USBD_CDC_GetDeviceQualifierDescriptor  0x080065ec   Section        0  usbd_cdc.o(i.USBD_CDC_GetDeviceQualifierDescriptor)
    i.USBD_CDC_GetFSCfgDesc                  0x080065fc   Section        0  usbd_cdc.o(i.USBD_CDC_GetFSCfgDesc)
    USBD_CDC_GetFSCfgDesc                    0x080065fd   Thumb Code    10  usbd_cdc.o(i.USBD_CDC_GetFSCfgDesc)
    i.USBD_CDC_GetHSCfgDesc                  0x0800660c   Section        0  usbd_cdc.o(i.USBD_CDC_GetHSCfgDesc)
    USBD_CDC_GetHSCfgDesc                    0x0800660d   Thumb Code    10  usbd_cdc.o(i.USBD_CDC_GetHSCfgDesc)
    i.USBD_CDC_GetOtherSpeedCfgDesc          0x0800661c   Section        0  usbd_cdc.o(i.USBD_CDC_GetOtherSpeedCfgDesc)
    USBD_CDC_GetOtherSpeedCfgDesc            0x0800661d   Thumb Code    10  usbd_cdc.o(i.USBD_CDC_GetOtherSpeedCfgDesc)
    i.USBD_CDC_Init                          0x0800662c   Section        0  usbd_cdc.o(i.USBD_CDC_Init)
    USBD_CDC_Init                            0x0800662d   Thumb Code   166  usbd_cdc.o(i.USBD_CDC_Init)
    i.USBD_CDC_ReceivePacket                 0x080066d2   Section        0  usbd_cdc.o(i.USBD_CDC_ReceivePacket)
    i.USBD_CDC_RegisterInterface             0x0800670c   Section        0  usbd_cdc.o(i.USBD_CDC_RegisterInterface)
    i.USBD_CDC_SetRxBuffer                   0x0800671a   Section        0  usbd_cdc.o(i.USBD_CDC_SetRxBuffer)
    i.USBD_CDC_SetTxBuffer                   0x08006728   Section        0  usbd_cdc.o(i.USBD_CDC_SetTxBuffer)
    i.USBD_CDC_Setup                         0x0800673c   Section        0  usbd_cdc.o(i.USBD_CDC_Setup)
    USBD_CDC_Setup                           0x0800673d   Thumb Code   138  usbd_cdc.o(i.USBD_CDC_Setup)
    i.USBD_CDC_TransmitPacket                0x080067cc   Section        0  usbd_cdc.o(i.USBD_CDC_TransmitPacket)
    i.USBD_ClrClassConfig                    0x08006804   Section        0  usbd_core.o(i.USBD_ClrClassConfig)
    i.USBD_ClrFeature                        0x0800681a   Section        0  usbd_ctlreq.o(i.USBD_ClrFeature)
    USBD_ClrFeature                          0x0800681b   Thumb Code    68  usbd_ctlreq.o(i.USBD_ClrFeature)
    i.USBD_CtlContinueRx                     0x0800685e   Section        0  usbd_ioreq.o(i.USBD_CtlContinueRx)
    i.USBD_CtlContinueSendData               0x08006876   Section        0  usbd_ioreq.o(i.USBD_CtlContinueSendData)
    i.USBD_CtlError                          0x0800688e   Section        0  usbd_ctlreq.o(i.USBD_CtlError)
    i.USBD_CtlPrepareRx                      0x080068a6   Section        0  usbd_ioreq.o(i.USBD_CtlPrepareRx)
    i.USBD_CtlReceiveStatus                  0x080068ce   Section        0  usbd_ioreq.o(i.USBD_CtlReceiveStatus)
    i.USBD_CtlSendData                       0x080068e8   Section        0  usbd_ioreq.o(i.USBD_CtlSendData)
    i.USBD_CtlSendStatus                     0x0800690a   Section        0  usbd_ioreq.o(i.USBD_CtlSendStatus)
    i.USBD_GetConfig                         0x08006924   Section        0  usbd_ctlreq.o(i.USBD_GetConfig)
    USBD_GetConfig                           0x08006925   Thumb Code    80  usbd_ctlreq.o(i.USBD_GetConfig)
    i.USBD_GetDescriptor                     0x08006974   Section        0  usbd_ctlreq.o(i.USBD_GetDescriptor)
    USBD_GetDescriptor                       0x08006975   Thumb Code   358  usbd_ctlreq.o(i.USBD_GetDescriptor)
    i.USBD_GetLen                            0x08006ada   Section        0  usbd_ctlreq.o(i.USBD_GetLen)
    USBD_GetLen                              0x08006adb   Thumb Code    20  usbd_ctlreq.o(i.USBD_GetLen)
    i.USBD_GetStatus                         0x08006aee   Section        0  usbd_ctlreq.o(i.USBD_GetStatus)
    USBD_GetStatus                           0x08006aef   Thumb Code    68  usbd_ctlreq.o(i.USBD_GetStatus)
    i.USBD_GetString                         0x08006b32   Section        0  usbd_ctlreq.o(i.USBD_GetString)
    i.USBD_HS_ConfigStrDescriptor            0x08006b84   Section        0  usbd_desc.o(i.USBD_HS_ConfigStrDescriptor)
    i.USBD_HS_DeviceDescriptor               0x08006bb8   Section        0  usbd_desc.o(i.USBD_HS_DeviceDescriptor)
    i.USBD_HS_InterfaceStrDescriptor         0x08006bc8   Section        0  usbd_desc.o(i.USBD_HS_InterfaceStrDescriptor)
    i.USBD_HS_LangIDStrDescriptor            0x08006c00   Section        0  usbd_desc.o(i.USBD_HS_LangIDStrDescriptor)
    i.USBD_HS_ManufacturerStrDescriptor      0x08006c10   Section        0  usbd_desc.o(i.USBD_HS_ManufacturerStrDescriptor)
    i.USBD_HS_ProductStrDescriptor           0x08006c3c   Section        0  usbd_desc.o(i.USBD_HS_ProductStrDescriptor)
    i.USBD_HS_SerialStrDescriptor            0x08006c7c   Section        0  usbd_desc.o(i.USBD_HS_SerialStrDescriptor)
    i.USBD_HS_USR_BOSDescriptor              0x08006cb4   Section        0  usbd_desc.o(i.USBD_HS_USR_BOSDescriptor)
    i.USBD_Init                              0x08006cc4   Section        0  usbd_core.o(i.USBD_Init)
    i.USBD_LL_ClearStallEP                   0x08006cf6   Section        0  usbd_conf.o(i.USBD_LL_ClearStallEP)
    i.USBD_LL_CloseEP                        0x08006d0a   Section        0  usbd_conf.o(i.USBD_LL_CloseEP)
    i.USBD_LL_DataInStage                    0x08006d1e   Section        0  usbd_core.o(i.USBD_LL_DataInStage)
    i.USBD_LL_DataOutStage                   0x08006df8   Section        0  usbd_core.o(i.USBD_LL_DataOutStage)
    i.USBD_LL_DevConnected                   0x08006e7e   Section        0  usbd_core.o(i.USBD_LL_DevConnected)
    i.USBD_LL_DevDisconnected                0x08006e84   Section        0  usbd_core.o(i.USBD_LL_DevDisconnected)
    i.USBD_LL_GetRxDataSize                  0x08006e9e   Section        0  usbd_conf.o(i.USBD_LL_GetRxDataSize)
    i.USBD_LL_Init                           0x08006eb0   Section        0  usbd_conf.o(i.USBD_LL_Init)
    i.USBD_LL_IsStallEP                      0x08006f20   Section        0  usbd_conf.o(i.USBD_LL_IsStallEP)
    i.USBD_LL_IsoINIncomplete                0x08006f58   Section        0  usbd_core.o(i.USBD_LL_IsoINIncomplete)
    i.USBD_LL_IsoOUTIncomplete               0x08006f5e   Section        0  usbd_core.o(i.USBD_LL_IsoOUTIncomplete)
    i.USBD_LL_OpenEP                         0x08006f64   Section        0  usbd_conf.o(i.USBD_LL_OpenEP)
    i.USBD_LL_PrepareReceive                 0x08006f84   Section        0  usbd_conf.o(i.USBD_LL_PrepareReceive)
    i.USBD_LL_Reset                          0x08006fa4   Section        0  usbd_core.o(i.USBD_LL_Reset)
    i.USBD_LL_Resume                         0x08006fe8   Section        0  usbd_core.o(i.USBD_LL_Resume)
    i.USBD_LL_SOF                            0x08006ff6   Section        0  usbd_core.o(i.USBD_LL_SOF)
    i.USBD_LL_SetSpeed                       0x08007018   Section        0  usbd_core.o(i.USBD_LL_SetSpeed)
    i.USBD_LL_SetUSBAddress                  0x08007020   Section        0  usbd_conf.o(i.USBD_LL_SetUSBAddress)
    i.USBD_LL_SetupStage                     0x08007034   Section        0  usbd_core.o(i.USBD_LL_SetupStage)
    i.USBD_LL_StallEP                        0x080070a2   Section        0  usbd_conf.o(i.USBD_LL_StallEP)
    i.USBD_LL_Start                          0x080070b6   Section        0  usbd_conf.o(i.USBD_LL_Start)
    i.USBD_LL_Suspend                        0x080070c6   Section        0  usbd_core.o(i.USBD_LL_Suspend)
    i.USBD_LL_Transmit                       0x080070da   Section        0  usbd_conf.o(i.USBD_LL_Transmit)
    i.USBD_ParseSetupRequest                 0x080070fa   Section        0  usbd_ctlreq.o(i.USBD_ParseSetupRequest)
    i.USBD_RegisterClass                     0x08007122   Section        0  usbd_core.o(i.USBD_RegisterClass)
    i.USBD_RunTestMode                       0x08007132   Section        0  usbd_core.o(i.USBD_RunTestMode)
    i.USBD_SetAddress                        0x08007138   Section        0  usbd_ctlreq.o(i.USBD_SetAddress)
    USBD_SetAddress                          0x08007139   Thumb Code    84  usbd_ctlreq.o(i.USBD_SetAddress)
    i.USBD_SetClassConfig                    0x0800718c   Section        0  usbd_core.o(i.USBD_SetClassConfig)
    i.USBD_SetConfig                         0x080071b0   Section        0  usbd_ctlreq.o(i.USBD_SetConfig)
    USBD_SetConfig                           0x080071b1   Thumb Code   218  usbd_ctlreq.o(i.USBD_SetConfig)
    i.USBD_SetFeature                        0x08007290   Section        0  usbd_ctlreq.o(i.USBD_SetFeature)
    USBD_SetFeature                          0x08007291   Thumb Code    36  usbd_ctlreq.o(i.USBD_SetFeature)
    i.USBD_Start                             0x080072b4   Section        0  usbd_core.o(i.USBD_Start)
    i.USBD_StdDevReq                         0x080072c2   Section        0  usbd_ctlreq.o(i.USBD_StdDevReq)
    i.USBD_StdEPReq                          0x08007334   Section        0  usbd_ctlreq.o(i.USBD_StdEPReq)
    i.USBD_StdItfReq                         0x0800748a   Section        0  usbd_ctlreq.o(i.USBD_StdItfReq)
    i.USB_ActivateEndpoint                   0x080074d4   Section        0  stm32f7xx_ll_usb.o(i.USB_ActivateEndpoint)
    i.USB_ActivateSetup                      0x08007598   Section        0  stm32f7xx_ll_usb.o(i.USB_ActivateSetup)
    i.USB_CoreInit                           0x080075dc   Section        0  stm32f7xx_ll_usb.o(i.USB_CoreInit)
    i.USB_CoreReset                          0x0800764c   Section        0  stm32f7xx_ll_usb.o(i.USB_CoreReset)
    USB_CoreReset                            0x0800764d   Thumb Code    70  stm32f7xx_ll_usb.o(i.USB_CoreReset)
    i.USB_DeactivateEndpoint                 0x08007698   Section        0  stm32f7xx_ll_usb.o(i.USB_DeactivateEndpoint)
    i.USB_DevConnect                         0x08007740   Section        0  stm32f7xx_ll_usb.o(i.USB_DevConnect)
    i.USB_DevDisconnect                      0x0800775e   Section        0  stm32f7xx_ll_usb.o(i.USB_DevDisconnect)
    i.USB_DevInit                            0x0800777c   Section        0  stm32f7xx_ll_usb.o(i.USB_DevInit)
    i.USB_DisableGlobalInt                   0x08007928   Section        0  stm32f7xx_ll_usb.o(i.USB_DisableGlobalInt)
    i.USB_EP0StartXfer                       0x08007938   Section        0  stm32f7xx_ll_usb.o(i.USB_EP0StartXfer)
    i.USB_EP0_OutStart                       0x08007ae8   Section        0  stm32f7xx_ll_usb.o(i.USB_EP0_OutStart)
    i.USB_EPClearStall                       0x08007b2c   Section        0  stm32f7xx_ll_usb.o(i.USB_EPClearStall)
    i.USB_EPSetStall                         0x08007bb4   Section        0  stm32f7xx_ll_usb.o(i.USB_EPSetStall)
    i.USB_EPStartXfer                        0x08007c40   Section        0  stm32f7xx_ll_usb.o(i.USB_EPStartXfer)
    i.USB_EnableGlobalInt                    0x08007f10   Section        0  stm32f7xx_ll_usb.o(i.USB_EnableGlobalInt)
    i.USB_FlushRxFifo                        0x08007f20   Section        0  stm32f7xx_ll_usb.o(i.USB_FlushRxFifo)
    i.USB_FlushTxFifo                        0x08007f4c   Section        0  stm32f7xx_ll_usb.o(i.USB_FlushTxFifo)
    i.USB_GetDevSpeed                        0x08007f7c   Section        0  stm32f7xx_ll_usb.o(i.USB_GetDevSpeed)
    i.USB_GetMode                            0x08007fc0   Section        0  stm32f7xx_ll_usb.o(i.USB_GetMode)
    i.USB_ReadDevAllInEpInterrupt            0x08007fca   Section        0  stm32f7xx_ll_usb.o(i.USB_ReadDevAllInEpInterrupt)
    i.USB_ReadDevAllOutEpInterrupt           0x08007fdc   Section        0  stm32f7xx_ll_usb.o(i.USB_ReadDevAllOutEpInterrupt)
    i.USB_ReadDevInEPInterrupt               0x08007fee   Section        0  stm32f7xx_ll_usb.o(i.USB_ReadDevInEPInterrupt)
    i.USB_ReadDevOutEPInterrupt              0x0800801a   Section        0  stm32f7xx_ll_usb.o(i.USB_ReadDevOutEPInterrupt)
    i.USB_ReadInterrupts                     0x08008030   Section        0  stm32f7xx_ll_usb.o(i.USB_ReadInterrupts)
    i.USB_ReadPacket                         0x0800803c   Section        0  stm32f7xx_ll_usb.o(i.USB_ReadPacket)
    i.USB_SetCurrentMode                     0x08008064   Section        0  stm32f7xx_ll_usb.o(i.USB_SetCurrentMode)
    i.USB_SetDevAddress                      0x08008094   Section        0  stm32f7xx_ll_usb.o(i.USB_SetDevAddress)
    i.USB_SetDevSpeed                        0x080080b8   Section        0  stm32f7xx_ll_usb.o(i.USB_SetDevSpeed)
    i.USB_WritePacket                        0x080080c8   Section        0  stm32f7xx_ll_usb.o(i.USB_WritePacket)
    i.UsageFault_Handler                     0x08008102   Section        0  stm32f7xx_it.o(i.UsageFault_Handler)
    i.__scatterload_copy                     0x08008106   Section       14  handlers.o(i.__scatterload_copy)
    i.__scatterload_null                     0x08008114   Section        2  handlers.o(i.__scatterload_null)
    i.__scatterload_zeroinit                 0x08008116   Section       14  handlers.o(i.__scatterload_zeroinit)
    i.checkCommand                           0x08008124   Section        0  main.o(i.checkCommand)
    i.free                                   0x0800817c   Section        0  malloc.o(i.free)
    i.main                                   0x080081cc   Section        0  main.o(i.main)
    i.malloc                                 0x0800828c   Section        0  malloc.o(i.malloc)
    .constdata                               0x080082f8   Section       24  system_stm32f7xx.o(.constdata)
    .constdata                               0x08008310   Section        8  stm32f7xx_hal_dma.o(.constdata)
    flagBitshiftOffset                       0x08008310   Data           8  stm32f7xx_hal_dma.o(.constdata)
    .data                                    0x20000000   Section        4  system_stm32f7xx.o(.data)
    .data                                    0x20000004   Section        1  usbd_ctlreq.o(.data)
    cfgidx                                   0x20000004   Data           1  usbd_ctlreq.o(.data)
    .data                                    0x20000008   Section      272  usbd_cdc.o(.data)
    USBD_CDC_DeviceQualifierDesc             0x20000008   Data          10  usbd_cdc.o(.data)
    ifalt                                    0x20000117   Data           1  usbd_cdc.o(.data)
    .data                                    0x20000118   Section       68  usbd_desc.o(.data)
    .data                                    0x2000015c   Section        8  stm32f7xx_hal_msp.o(.data)
    FMC_Initialized                          0x2000015c   Data           4  stm32f7xx_hal_msp.o(.data)
    FMC_DeInitialized                        0x20000160   Data           4  stm32f7xx_hal_msp.o(.data)
    .data                                    0x20000164   Section        3  main.o(.data)
    .data                                    0x20000168   Section       24  usbd_cdc_if.o(.data)
    .data                                    0x20000180   Section        4  stm32f7xx_hal.o(.data)
    .data                                    0x20000184   Section      392  lib_stm32f7_ov5653.o(.data)
    .data                                    0x2000030c   Section        4  mvars.o(.data)
    .data                                    0x20000310   Section        4  mvars.o(.data)
    .bss                                     0x20000314   Section      512  usbd_desc.o(.bss)
    .bss                                     0x20000514   Section      960  usbd_conf.o(.bss)
    .bss                                     0x200008d4   Section      548  usb_device.o(.bss)
    .bss                                     0x20000af8   Section     1288  main.o(.bss)
    .bss                                     0x20001000   Section    307200  lib_stm32f7_ov5653.o(.bss)
    HEAP                                     0x2004c000   Section     4608  startup_stm32f767xx.o(HEAP)
    STACK                                    0x2004d200   Section     5120  startup_stm32f767xx.o(STACK)
    .ARM.__AT_0xC0000000                     0xc0000000   Section        1  test.o(.ARM.__AT_0xC0000000)

    Global Symbols

    Symbol Name                              Value     Ov Type        Size  Object(Section)

    BuildAttributes$$THM_ISAv4$E$P$D$K$B$S$7EM$VFPi5$EXTD16$VFPS$VFMA$PE$PLD8$A:L22UL41UL21$X:L11$S22US41US21$IEEE1$IW$USESV6$~STKCKD$USESV7$~SHL$OSPACE$EBA8$MICROLIB$REQ8$PRES8$EABIv2 0x00000000   Number         0  anon$$obj.o ABSOLUTE
    __ARM_use_no_argv                        0x00000000   Number         0  main.o ABSOLUTE
    __cpp_initialize__aeabi_                  - Undefined Weak Reference
    __cxa_finalize                            - Undefined Weak Reference
    _clock_init                               - Undefined Weak Reference
    _microlib_exit                            - Undefined Weak Reference
    __Vectors_Size                           0x000001f8   Number         0  startup_stm32f767xx.o ABSOLUTE
    __Vectors                                0x08000000   Data           4  startup_stm32f767xx.o(RESET)
    __Vectors_End                            0x080001f8   Data           0  startup_stm32f767xx.o(RESET)
    __main                                   0x080001f9   Thumb Code     0  entry.o(.ARM.Collect$$$$00000000)
    _main_stk                                0x080001f9   Thumb Code     0  entry2.o(.ARM.Collect$$$$00000001)
    _main_scatterload                        0x080001fd   Thumb Code     0  entry5.o(.ARM.Collect$$$$00000004)
    __main_after_scatterload                 0x08000201   Thumb Code     0  entry5.o(.ARM.Collect$$$$00000004)
    _main_clock                              0x08000201   Thumb Code     0  entry7b.o(.ARM.Collect$$$$00000008)
    _main_cpp_init                           0x08000201   Thumb Code     0  entry8b.o(.ARM.Collect$$$$0000000A)
    _main_init                               0x08000201   Thumb Code     0  entry9a.o(.ARM.Collect$$$$0000000B)
    __rt_final_cpp                           0x08000209   Thumb Code     0  entry10a.o(.ARM.Collect$$$$0000000D)
    __rt_final_exit                          0x08000209   Thumb Code     0  entry11a.o(.ARM.Collect$$$$0000000F)
    Reset_Handler                            0x0800020d   Thumb Code     8  startup_stm32f767xx.o(.text)
    ADC_IRQHandler                           0x08000227   Thumb Code     0  startup_stm32f767xx.o(.text)
    CAN1_RX0_IRQHandler                      0x08000227   Thumb Code     0  startup_stm32f767xx.o(.text)
    CAN1_RX1_IRQHandler                      0x08000227   Thumb Code     0  startup_stm32f767xx.o(.text)
    CAN1_SCE_IRQHandler                      0x08000227   Thumb Code     0  startup_stm32f767xx.o(.text)
    CAN1_TX_IRQHandler                       0x08000227   Thumb Code     0  startup_stm32f767xx.o(.text)
    CAN2_RX0_IRQHandler                      0x08000227   Thumb Code     0  startup_stm32f767xx.o(.text)
    CAN2_RX1_IRQHandler                      0x08000227   Thumb Code     0  startup_stm32f767xx.o(.text)
    CAN2_SCE_IRQHandler                      0x08000227   Thumb Code     0  startup_stm32f767xx.o(.text)
    CAN2_TX_IRQHandler                       0x08000227   Thumb Code     0  startup_stm32f767xx.o(.text)
    CAN3_RX0_IRQHandler                      0x08000227   Thumb Code     0  startup_stm32f767xx.o(.text)
    CAN3_RX1_IRQHandler                      0x08000227   Thumb Code     0  startup_stm32f767xx.o(.text)
    CAN3_SCE_IRQHandler                      0x08000227   Thumb Code     0  startup_stm32f767xx.o(.text)
    CAN3_TX_IRQHandler                       0x08000227   Thumb Code     0  startup_stm32f767xx.o(.text)
    CEC_IRQHandler                           0x08000227   Thumb Code     0  startup_stm32f767xx.o(.text)
    DFSDM1_FLT0_IRQHandler                   0x08000227   Thumb Code     0  startup_stm32f767xx.o(.text)
    DFSDM1_FLT1_IRQHandler                   0x08000227   Thumb Code     0  startup_stm32f767xx.o(.text)
    DFSDM1_FLT2_IRQHandler                   0x08000227   Thumb Code     0  startup_stm32f767xx.o(.text)
    DFSDM1_FLT3_IRQHandler                   0x08000227   Thumb Code     0  startup_stm32f767xx.o(.text)
    DMA1_Stream0_IRQHandler                  0x08000227   Thumb Code     0  startup_stm32f767xx.o(.text)
    DMA1_Stream1_IRQHandler                  0x08000227   Thumb Code     0  startup_stm32f767xx.o(.text)
    DMA1_Stream2_IRQHandler                  0x08000227   Thumb Code     0  startup_stm32f767xx.o(.text)
    DMA1_Stream3_IRQHandler                  0x08000227   Thumb Code     0  startup_stm32f767xx.o(.text)
    DMA1_Stream4_IRQHandler                  0x08000227   Thumb Code     0  startup_stm32f767xx.o(.text)
    DMA1_Stream5_IRQHandler                  0x08000227   Thumb Code     0  startup_stm32f767xx.o(.text)
    DMA1_Stream6_IRQHandler                  0x08000227   Thumb Code     0  startup_stm32f767xx.o(.text)
    DMA1_Stream7_IRQHandler                  0x08000227   Thumb Code     0  startup_stm32f767xx.o(.text)
    DMA2D_IRQHandler                         0x08000227   Thumb Code     0  startup_stm32f767xx.o(.text)
    DMA2_Stream0_IRQHandler                  0x08000227   Thumb Code     0  startup_stm32f767xx.o(.text)
    DMA2_Stream2_IRQHandler                  0x08000227   Thumb Code     0  startup_stm32f767xx.o(.text)
    DMA2_Stream3_IRQHandler                  0x08000227   Thumb Code     0  startup_stm32f767xx.o(.text)
    DMA2_Stream4_IRQHandler                  0x08000227   Thumb Code     0  startup_stm32f767xx.o(.text)
    DMA2_Stream5_IRQHandler                  0x08000227   Thumb Code     0  startup_stm32f767xx.o(.text)
    DMA2_Stream6_IRQHandler                  0x08000227   Thumb Code     0  startup_stm32f767xx.o(.text)
    DMA2_Stream7_IRQHandler                  0x08000227   Thumb Code     0  startup_stm32f767xx.o(.text)
    ETH_IRQHandler                           0x08000227   Thumb Code     0  startup_stm32f767xx.o(.text)
    ETH_WKUP_IRQHandler                      0x08000227   Thumb Code     0  startup_stm32f767xx.o(.text)
    EXTI0_IRQHandler                         0x08000227   Thumb Code     0  startup_stm32f767xx.o(.text)
    EXTI15_10_IRQHandler                     0x08000227   Thumb Code     0  startup_stm32f767xx.o(.text)
    EXTI1_IRQHandler                         0x08000227   Thumb Code     0  startup_stm32f767xx.o(.text)
    EXTI2_IRQHandler                         0x08000227   Thumb Code     0  startup_stm32f767xx.o(.text)
    EXTI3_IRQHandler                         0x08000227   Thumb Code     0  startup_stm32f767xx.o(.text)
    EXTI4_IRQHandler                         0x08000227   Thumb Code     0  startup_stm32f767xx.o(.text)
    EXTI9_5_IRQHandler                       0x08000227   Thumb Code     0  startup_stm32f767xx.o(.text)
    FLASH_IRQHandler                         0x08000227   Thumb Code     0  startup_stm32f767xx.o(.text)
    FMC_IRQHandler                           0x08000227   Thumb Code     0  startup_stm32f767xx.o(.text)
    FPU_IRQHandler                           0x08000227   Thumb Code     0  startup_stm32f767xx.o(.text)
    I2C1_ER_IRQHandler                       0x08000227   Thumb Code     0  startup_stm32f767xx.o(.text)
    I2C1_EV_IRQHandler                       0x08000227   Thumb Code     0  startup_stm32f767xx.o(.text)
    I2C2_ER_IRQHandler                       0x08000227   Thumb Code     0  startup_stm32f767xx.o(.text)
    I2C2_EV_IRQHandler                       0x08000227   Thumb Code     0  startup_stm32f767xx.o(.text)
    I2C3_ER_IRQHandler                       0x08000227   Thumb Code     0  startup_stm32f767xx.o(.text)
    I2C3_EV_IRQHandler                       0x08000227   Thumb Code     0  startup_stm32f767xx.o(.text)
    I2C4_ER_IRQHandler                       0x08000227   Thumb Code     0  startup_stm32f767xx.o(.text)
    I2C4_EV_IRQHandler                       0x08000227   Thumb Code     0  startup_stm32f767xx.o(.text)
    JPEG_IRQHandler                          0x08000227   Thumb Code     0  startup_stm32f767xx.o(.text)
    LPTIM1_IRQHandler                        0x08000227   Thumb Code     0  startup_stm32f767xx.o(.text)
    LTDC_ER_IRQHandler                       0x08000227   Thumb Code     0  startup_stm32f767xx.o(.text)
    LTDC_IRQHandler                          0x08000227   Thumb Code     0  startup_stm32f767xx.o(.text)
    MDIOS_IRQHandler                         0x08000227   Thumb Code     0  startup_stm32f767xx.o(.text)
    OTG_FS_IRQHandler                        0x08000227   Thumb Code     0  startup_stm32f767xx.o(.text)
    OTG_FS_WKUP_IRQHandler                   0x08000227   Thumb Code     0  startup_stm32f767xx.o(.text)
    OTG_HS_EP1_IN_IRQHandler                 0x08000227   Thumb Code     0  startup_stm32f767xx.o(.text)
    OTG_HS_EP1_OUT_IRQHandler                0x08000227   Thumb Code     0  startup_stm32f767xx.o(.text)
    OTG_HS_WKUP_IRQHandler                   0x08000227   Thumb Code     0  startup_stm32f767xx.o(.text)
    PVD_IRQHandler                           0x08000227   Thumb Code     0  startup_stm32f767xx.o(.text)
    QUADSPI_IRQHandler                       0x08000227   Thumb Code     0  startup_stm32f767xx.o(.text)
    RCC_IRQHandler                           0x08000227   Thumb Code     0  startup_stm32f767xx.o(.text)
    RNG_IRQHandler                           0x08000227   Thumb Code     0  startup_stm32f767xx.o(.text)
    RTC_Alarm_IRQHandler                     0x08000227   Thumb Code     0  startup_stm32f767xx.o(.text)
    RTC_WKUP_IRQHandler                      0x08000227   Thumb Code     0  startup_stm32f767xx.o(.text)
    SAI1_IRQHandler                          0x08000227   Thumb Code     0  startup_stm32f767xx.o(.text)
    SAI2_IRQHandler                          0x08000227   Thumb Code     0  startup_stm32f767xx.o(.text)
    SDMMC1_IRQHandler                        0x08000227   Thumb Code     0  startup_stm32f767xx.o(.text)
    SDMMC2_IRQHandler                        0x08000227   Thumb Code     0  startup_stm32f767xx.o(.text)
    SPDIF_RX_IRQHandler                      0x08000227   Thumb Code     0  startup_stm32f767xx.o(.text)
    SPI1_IRQHandler                          0x08000227   Thumb Code     0  startup_stm32f767xx.o(.text)
    SPI2_IRQHandler                          0x08000227   Thumb Code     0  startup_stm32f767xx.o(.text)
    SPI3_IRQHandler                          0x08000227   Thumb Code     0  startup_stm32f767xx.o(.text)
    SPI4_IRQHandler                          0x08000227   Thumb Code     0  startup_stm32f767xx.o(.text)
    SPI5_IRQHandler                          0x08000227   Thumb Code     0  startup_stm32f767xx.o(.text)
    SPI6_IRQHandler                          0x08000227   Thumb Code     0  startup_stm32f767xx.o(.text)
    TAMP_STAMP_IRQHandler                    0x08000227   Thumb Code     0  startup_stm32f767xx.o(.text)
    TIM1_BRK_TIM9_IRQHandler                 0x08000227   Thumb Code     0  startup_stm32f767xx.o(.text)
    TIM1_CC_IRQHandler                       0x08000227   Thumb Code     0  startup_stm32f767xx.o(.text)
    TIM1_TRG_COM_TIM11_IRQHandler            0x08000227   Thumb Code     0  startup_stm32f767xx.o(.text)
    TIM1_UP_TIM10_IRQHandler                 0x08000227   Thumb Code     0  startup_stm32f767xx.o(.text)
    TIM2_IRQHandler                          0x08000227   Thumb Code     0  startup_stm32f767xx.o(.text)
    TIM3_IRQHandler                          0x08000227   Thumb Code     0  startup_stm32f767xx.o(.text)
    TIM4_IRQHandler                          0x08000227   Thumb Code     0  startup_stm32f767xx.o(.text)
    TIM5_IRQHandler                          0x08000227   Thumb Code     0  startup_stm32f767xx.o(.text)
    TIM6_DAC_IRQHandler                      0x08000227   Thumb Code     0  startup_stm32f767xx.o(.text)
    TIM7_IRQHandler                          0x08000227   Thumb Code     0  startup_stm32f767xx.o(.text)
    TIM8_BRK_TIM12_IRQHandler                0x08000227   Thumb Code     0  startup_stm32f767xx.o(.text)
    TIM8_CC_IRQHandler                       0x08000227   Thumb Code     0  startup_stm32f767xx.o(.text)
    TIM8_TRG_COM_TIM14_IRQHandler            0x08000227   Thumb Code     0  startup_stm32f767xx.o(.text)
    TIM8_UP_TIM13_IRQHandler                 0x08000227   Thumb Code     0  startup_stm32f767xx.o(.text)
    UART4_IRQHandler                         0x08000227   Thumb Code     0  startup_stm32f767xx.o(.text)
    UART5_IRQHandler                         0x08000227   Thumb Code     0  startup_stm32f767xx.o(.text)
    UART7_IRQHandler                         0x08000227   Thumb Code     0  startup_stm32f767xx.o(.text)
    UART8_IRQHandler                         0x08000227   Thumb Code     0  startup_stm32f767xx.o(.text)
    USART1_IRQHandler                        0x08000227   Thumb Code     0  startup_stm32f767xx.o(.text)
    USART2_IRQHandler                        0x08000227   Thumb Code     0  startup_stm32f767xx.o(.text)
    USART3_IRQHandler                        0x08000227   Thumb Code     0  startup_stm32f767xx.o(.text)
    USART6_IRQHandler                        0x08000227   Thumb Code     0  startup_stm32f767xx.o(.text)
    WWDG_IRQHandler                          0x08000227   Thumb Code     0  startup_stm32f767xx.o(.text)
    __aeabi_memcpy                           0x08000231   Thumb Code    36  memcpya.o(.text)
    __aeabi_memcpy4                          0x08000231   Thumb Code     0  memcpya.o(.text)
    __aeabi_memcpy8                          0x08000231   Thumb Code     0  memcpya.o(.text)
    __aeabi_memset                           0x08000255   Thumb Code    14  memseta.o(.text)
    __aeabi_memset4                          0x08000255   Thumb Code     0  memseta.o(.text)
    __aeabi_memset8                          0x08000255   Thumb Code     0  memseta.o(.text)
    __aeabi_memclr                           0x08000263   Thumb Code     4  memseta.o(.text)
    __aeabi_memclr4                          0x08000263   Thumb Code     0  memseta.o(.text)
    __aeabi_memclr8                          0x08000263   Thumb Code     0  memseta.o(.text)
    _memset$wrapper                          0x08000267   Thumb Code    18  memseta.o(.text)
    __scatterload                            0x08000279   Thumb Code    28  init.o(.text)
    __scatterload_rt2                        0x08000279   Thumb Code     0  init.o(.text)
    __decompress                             0x0800029d   Thumb Code     0  __dczerorl2.o(.text)
    __decompress1                            0x0800029d   Thumb Code    86  __dczerorl2.o(.text)
    BusFault_Handler                         0x080002f3   Thumb Code     4  stm32f7xx_it.o(i.BusFault_Handler)
    CDC_Receive_HS                           0x08000365   Thumb Code    24  usbd_cdc_if.o(i.CDC_Receive_HS)
    CDC_Transmit_HS                          0x08000381   Thumb Code    50  usbd_cdc_if.o(i.CDC_Transmit_HS)
    DCMI_IRQHandler                          0x080004a5   Thumb Code    10  stm32f7xx_it.o(i.DCMI_IRQHandler)
    DMA2_Stream1_IRQHandler                  0x080004b5   Thumb Code    10  stm32f7xx_it.o(i.DMA2_Stream1_IRQHandler)
    DebugMon_Handler                         0x080005ff   Thumb Code     2  stm32f7xx_it.o(i.DebugMon_Handler)
    Error_Handler                            0x08000601   Thumb Code     4  main.o(i.Error_Handler)
    FMC_SDRAM_Init                           0x08000605   Thumb Code   116  stm32f7xx_ll_fmc.o(i.FMC_SDRAM_Init)
    FMC_SDRAM_SendCommand                    0x08000679   Thumb Code    82  stm32f7xx_ll_fmc.o(i.FMC_SDRAM_SendCommand)
    FMC_SDRAM_Timing_Init                    0x080006cd   Thumb Code   152  stm32f7xx_ll_fmc.o(i.FMC_SDRAM_Timing_Init)
    HAL_DCMI_ErrorCallback                   0x08000769   Thumb Code     2  stm32f7xx_hal_dcmi.o(i.HAL_DCMI_ErrorCallback)
    HAL_DCMI_FrameEventCallback              0x0800076b   Thumb Code     2  stm32f7xx_hal_dcmi.o(i.HAL_DCMI_FrameEventCallback)
    HAL_DCMI_IRQHandler                      0x0800076d   Thumb Code   176  stm32f7xx_hal_dcmi.o(i.HAL_DCMI_IRQHandler)
    HAL_DCMI_Init                            0x08000821   Thumb Code   184  stm32f7xx_hal_dcmi.o(i.HAL_DCMI_Init)
    HAL_DCMI_LineEventCallback               0x080008dd   Thumb Code     2  stm32f7xx_hal_dcmi.o(i.HAL_DCMI_LineEventCallback)
    HAL_DCMI_MspInit                         0x080008e1   Thumb Code   330  stm32f7xx_hal_msp.o(i.HAL_DCMI_MspInit)
    HAL_DCMI_Start_DMA                       0x08000a59   Thumb Code   226  stm32f7xx_hal_dcmi.o(i.HAL_DCMI_Start_DMA)
    HAL_DCMI_Stop                            0x08000b45   Thumb Code   142  stm32f7xx_hal_dcmi.o(i.HAL_DCMI_Stop)
    HAL_DCMI_VsyncEventCallback              0x08000bd9   Thumb Code     2  stm32f7xx_hal_dcmi.o(i.HAL_DCMI_VsyncEventCallback)
    HAL_DMAEx_ChangeMemory                   0x08000bdb   Thumb Code    18  stm32f7xx_hal_dma_ex.o(i.HAL_DMAEx_ChangeMemory)
    HAL_DMAEx_MultiBufferStart_IT            0x08000bed   Thumb Code  4032  stm32f7xx_hal_dma_ex.o(i.HAL_DMAEx_MultiBufferStart_IT)
    HAL_DMA_Abort                            0x08001bb9   Thumb Code   170  stm32f7xx_hal_dma.o(i.HAL_DMA_Abort)
    HAL_DMA_Abort_IT                         0x08001c63   Thumb Code    40  stm32f7xx_hal_dma.o(i.HAL_DMA_Abort_IT)
    HAL_DMA_IRQHandler                       0x08001c8d   Thumb Code   574  stm32f7xx_hal_dma.o(i.HAL_DMA_IRQHandler)
    HAL_DMA_Init                             0x08001ed5   Thumb Code   228  stm32f7xx_hal_dma.o(i.HAL_DMA_Init)
    HAL_DMA_Start_IT                         0x08001fbd   Thumb Code   158  stm32f7xx_hal_dma.o(i.HAL_DMA_Start_IT)
    HAL_Delay                                0x0800205b   Thumb Code    26  stm32f7xx_hal.o(i.HAL_Delay)
    HAL_GPIO_Init                            0x08002179   Thumb Code   484  stm32f7xx_hal_gpio.o(i.HAL_GPIO_Init)
    HAL_GPIO_ReadPin                         0x08002391   Thumb Code    16  stm32f7xx_hal_gpio.o(i.HAL_GPIO_ReadPin)
    HAL_GPIO_TogglePin                       0x080023a1   Thumb Code     8  stm32f7xx_hal_gpio.o(i.HAL_GPIO_TogglePin)
    HAL_GPIO_WritePin                        0x080023a9   Thumb Code    12  stm32f7xx_hal_gpio.o(i.HAL_GPIO_WritePin)
    HAL_GetTick                              0x080023b5   Thumb Code     6  stm32f7xx_hal.o(i.HAL_GetTick)
    HAL_I2CEx_ConfigAnalogFilter             0x080023c1   Thumb Code   106  stm32f7xx_hal_i2c_ex.o(i.HAL_I2CEx_ConfigAnalogFilter)
    HAL_I2C_Init                             0x0800242d   Thumb Code   184  stm32f7xx_hal_i2c.o(i.HAL_I2C_Init)
    HAL_I2C_Master_Transmit                  0x080024e9   Thumb Code   368  stm32f7xx_hal_i2c.o(i.HAL_I2C_Master_Transmit)
    HAL_I2C_MspInit                          0x0800265d   Thumb Code   208  stm32f7xx_hal_msp.o(i.HAL_I2C_MspInit)
    HAL_I2S_Init                             0x08002749   Thumb Code   274  stm32f7xx_hal_i2s.o(i.HAL_I2S_Init)
    HAL_I2S_MspInit                          0x08002861   Thumb Code   100  stm32f7xx_hal_msp.o(i.HAL_I2S_MspInit)
    HAL_IncTick                              0x080028d5   Thumb Code    12  stm32f7xx_hal.o(i.HAL_IncTick)
    HAL_Init                                 0x080028e5   Thumb Code    22  stm32f7xx_hal.o(i.HAL_Init)
    HAL_InitTick                             0x080028fd   Thumb Code    36  stm32f7xx_hal.o(i.HAL_InitTick)
    HAL_LTDC_ConfigLayer                     0x08002925   Thumb Code    94  stm32f7xx_hal_ltdc.o(i.HAL_LTDC_ConfigLayer)
    HAL_LTDC_Init                            0x08002985   Thumb Code   290  stm32f7xx_hal_ltdc.o(i.HAL_LTDC_Init)
    HAL_LTDC_MspInit                         0x08002aad   Thumb Code   262  stm32f7xx_hal_msp.o(i.HAL_LTDC_MspInit)
    HAL_MspInit                              0x08002bd9   Thumb Code    86  stm32f7xx_hal_msp.o(i.HAL_MspInit)
    HAL_NVIC_EnableIRQ                       0x08002c2f   Thumb Code    26  stm32f7xx_hal_cortex.o(i.HAL_NVIC_EnableIRQ)
    HAL_NVIC_SetPriority                     0x08002c49   Thumb Code   124  stm32f7xx_hal_cortex.o(i.HAL_NVIC_SetPriority)
    HAL_NVIC_SetPriorityGrouping             0x08002cc5   Thumb Code    32  stm32f7xx_hal_cortex.o(i.HAL_NVIC_SetPriorityGrouping)
    HAL_PCDEx_ActivateLPM                    0x08002ced   Thumb Code    36  stm32f7xx_hal_pcd_ex.o(i.HAL_PCDEx_ActivateLPM)
    HAL_PCDEx_LPM_Callback                   0x08002d15   Thumb Code   106  usbd_conf.o(i.HAL_PCDEx_LPM_Callback)
    HAL_PCDEx_SetRxFiFo                      0x08002d85   Thumb Code    10  stm32f7xx_hal_pcd_ex.o(i.HAL_PCDEx_SetRxFiFo)
    HAL_PCDEx_SetTxFiFo                      0x08002d8f   Thumb Code    82  stm32f7xx_hal_pcd_ex.o(i.HAL_PCDEx_SetTxFiFo)
    HAL_PCD_ConnectCallback                  0x08002de1   Thumb Code    14  usbd_conf.o(i.HAL_PCD_ConnectCallback)
    HAL_PCD_DataInStageCallback              0x08002def   Thumb Code    32  usbd_conf.o(i.HAL_PCD_DataInStageCallback)
    HAL_PCD_DataOutStageCallback             0x08002e0f   Thumb Code    32  usbd_conf.o(i.HAL_PCD_DataOutStageCallback)
    HAL_PCD_DisconnectCallback               0x08002e2f   Thumb Code    14  usbd_conf.o(i.HAL_PCD_DisconnectCallback)
    HAL_PCD_EP_Close                         0x08002e3d   Thumb Code   106  stm32f7xx_hal_pcd.o(i.HAL_PCD_EP_Close)
    HAL_PCD_EP_ClrStall                      0x08002ea7   Thumb Code   104  stm32f7xx_hal_pcd.o(i.HAL_PCD_EP_ClrStall)
    HAL_PCD_EP_GetRxCount                    0x08002f0f   Thumb Code    24  stm32f7xx_hal_pcd.o(i.HAL_PCD_EP_GetRxCount)
    HAL_PCD_EP_Open                          0x08002f27   Thumb Code   140  stm32f7xx_hal_pcd.o(i.HAL_PCD_EP_Open)
    HAL_PCD_EP_Receive                       0x08002fb3   Thumb Code   120  stm32f7xx_hal_pcd.o(i.HAL_PCD_EP_Receive)
    HAL_PCD_EP_SetStall                      0x0800302b   Thumb Code   122  stm32f7xx_hal_pcd.o(i.HAL_PCD_EP_SetStall)
    HAL_PCD_EP_Transmit                      0x080030a5   Thumb Code   122  stm32f7xx_hal_pcd.o(i.HAL_PCD_EP_Transmit)
    HAL_PCD_IRQHandler                       0x08003121   Thumb Code  1716  stm32f7xx_hal_pcd.o(i.HAL_PCD_IRQHandler)
    HAL_PCD_ISOINIncompleteCallback          0x080037fd   Thumb Code    18  usbd_conf.o(i.HAL_PCD_ISOINIncompleteCallback)
    HAL_PCD_ISOOUTIncompleteCallback         0x0800380f   Thumb Code    18  usbd_conf.o(i.HAL_PCD_ISOOUTIncompleteCallback)
    HAL_PCD_Init                             0x08003821   Thumb Code   334  stm32f7xx_hal_pcd.o(i.HAL_PCD_Init)
    HAL_PCD_MspInit                          0x08003971   Thumb Code   232  usbd_conf.o(i.HAL_PCD_MspInit)
    HAL_PCD_ResetCallback                    0x08003a75   Thumb Code    50  usbd_conf.o(i.HAL_PCD_ResetCallback)
    HAL_PCD_ResumeCallback                   0x08003aa7   Thumb Code    14  usbd_conf.o(i.HAL_PCD_ResumeCallback)
    HAL_PCD_SOFCallback                      0x08003ab5   Thumb Code    14  usbd_conf.o(i.HAL_PCD_SOFCallback)
    HAL_PCD_SetAddress                       0x08003ac3   Thumb Code    50  stm32f7xx_hal_pcd.o(i.HAL_PCD_SetAddress)
    HAL_PCD_SetupStageCallback               0x08003af5   Thumb Code    18  usbd_conf.o(i.HAL_PCD_SetupStageCallback)
    HAL_PCD_Start                            0x08003b07   Thumb Code    52  stm32f7xx_hal_pcd.o(i.HAL_PCD_Start)
    HAL_PCD_SuspendCallback                  0x08003b3d   Thumb Code    46  usbd_conf.o(i.HAL_PCD_SuspendCallback)
    HAL_PWREx_EnableOverDrive                0x08003b71   Thumb Code   136  stm32f7xx_hal_pwr_ex.o(i.HAL_PWREx_EnableOverDrive)
    HAL_RCCEx_PeriphCLKConfig                0x08003c01   Thumb Code  2428  stm32f7xx_hal_rcc_ex.o(i.HAL_RCCEx_PeriphCLKConfig)
    HAL_RCC_ClockConfig                      0x08004581   Thumb Code   420  stm32f7xx_hal_rcc.o(i.HAL_RCC_ClockConfig)
    HAL_RCC_GetHCLKFreq                      0x08004735   Thumb Code     6  stm32f7xx_hal_rcc.o(i.HAL_RCC_GetHCLKFreq)
    HAL_RCC_GetPCLK1Freq                     0x08004741   Thumb Code    36  stm32f7xx_hal_rcc.o(i.HAL_RCC_GetPCLK1Freq)
    HAL_RCC_GetPCLK2Freq                     0x0800476d   Thumb Code    36  stm32f7xx_hal_rcc.o(i.HAL_RCC_GetPCLK2Freq)
    HAL_RCC_GetSysClockFreq                  0x08004799   Thumb Code   168  stm32f7xx_hal_rcc.o(i.HAL_RCC_GetSysClockFreq)
    HAL_RCC_OscConfig                        0x0800484d   Thumb Code  1228  stm32f7xx_hal_rcc_ex.o(i.HAL_RCC_OscConfig)
    HAL_SDRAM_Init                           0x08004d1d   Thumb Code    64  stm32f7xx_hal_sdram.o(i.HAL_SDRAM_Init)
    HAL_SDRAM_MspInit                        0x08004d5d   Thumb Code    10  stm32f7xx_hal_msp.o(i.HAL_SDRAM_MspInit)
    HAL_SDRAM_SendCommand                    0x08004d67   Thumb Code    58  stm32f7xx_hal_sdram.o(i.HAL_SDRAM_SendCommand)
    HAL_SPI_Init                             0x08004da1   Thumb Code   178  stm32f7xx_hal_spi.o(i.HAL_SPI_Init)
    HAL_SPI_MspInit                          0x08004e55   Thumb Code    76  stm32f7xx_hal_msp.o(i.HAL_SPI_MspInit)
    HAL_SYSTICK_CLKSourceConfig              0x08004ead   Thumb Code    40  stm32f7xx_hal_cortex.o(i.HAL_SYSTICK_CLKSourceConfig)
    HAL_SYSTICK_Callback                     0x08004ed5   Thumb Code     2  stm32f7xx_hal_cortex.o(i.HAL_SYSTICK_Callback)
    HAL_SYSTICK_Config                       0x08004ed7   Thumb Code    52  stm32f7xx_hal_cortex.o(i.HAL_SYSTICK_Config)
    HAL_SYSTICK_IRQHandler                   0x08004f0b   Thumb Code     8  stm32f7xx_hal_cortex.o(i.HAL_SYSTICK_IRQHandler)
    HAL_UART_Init                            0x08004f13   Thumb Code   120  stm32f7xx_hal_uart.o(i.HAL_UART_Init)
    HAL_UART_MspInit                         0x08004f8d   Thumb Code   174  stm32f7xx_hal_msp.o(i.HAL_UART_MspInit)
    HardFault_Handler                        0x08005055   Thumb Code     4  stm32f7xx_it.o(i.HardFault_Handler)
    IS42S16160G_6BL_Init_Sequence            0x080052b9   Thumb Code   148  is42s16160g-6bl.o(i.IS42S16160G_6BL_Init_Sequence)
    LEDs_TEST                                0x0800534d   Thumb Code    32  test.o(i.LEDs_TEST)
    MX_USB_DEVICE_Init                       0x08005c29   Thumb Code    36  usb_device.o(i.MX_USB_DEVICE_Init)
    MemManage_Handler                        0x08005c5d   Thumb Code     4  stm32f7xx_it.o(i.MemManage_Handler)
    NMI_Handler                              0x08005c61   Thumb Code     2  stm32f7xx_it.o(i.NMI_Handler)
    OTG_HS_IRQHandler                        0x08005c9d   Thumb Code    10  stm32f7xx_it.o(i.OTG_HS_IRQHandler)
    OV5653_InitConfig                        0x08005cad   Thumb Code    48  lib_stm32f7_ov5653.o(i.OV5653_InitConfig)
    OV5653_Reset                             0x08005ce5   Thumb Code    32  lib_stm32f7_ov5653.o(i.OV5653_Reset)
    PendSV_Handler                           0x08005dbd   Thumb Code     2  stm32f7xx_it.o(i.PendSV_Handler)
    SVC_Handler                              0x08005dbf   Thumb Code     2  stm32f7xx_it.o(i.SVC_Handler)
    SendImage                                0x08005dc1   Thumb Code    80  main.o(i.SendImage)
    SendRoiImage                             0x08005e11   Thumb Code    62  main.o(i.SendRoiImage)
    SysTick_Handler                          0x08005e55   Thumb Code    12  stm32f7xx_it.o(i.SysTick_Handler)
    SystemClock_Config                       0x08005e61   Thumb Code   260  main.o(i.SystemClock_Config)
    SystemInit                               0x08005f71   Thumb Code    82  system_stm32f7xx.o(i.SystemInit)
    UART_AdvFeatureConfig                    0x08005fd5   Thumb Code   234  stm32f7xx_hal_uart.o(i.UART_AdvFeatureConfig)
    UART_CheckIdleState                      0x080060bf   Thumb Code   116  stm32f7xx_hal_uart.o(i.UART_CheckIdleState)
    UART_SetConfig                           0x08006135   Thumb Code   858  stm32f7xx_hal_uart.o(i.UART_SetConfig)
    UART_WaitOnFlagUntilTimeout              0x080064c1   Thumb Code   108  stm32f7xx_hal_uart.o(i.UART_WaitOnFlagUntilTimeout)
    USBD_CDC_GetDeviceQualifierDescriptor    0x080065ed   Thumb Code    10  usbd_cdc.o(i.USBD_CDC_GetDeviceQualifierDescriptor)
    USBD_CDC_ReceivePacket                   0x080066d3   Thumb Code    58  usbd_cdc.o(i.USBD_CDC_ReceivePacket)
    USBD_CDC_RegisterInterface               0x0800670d   Thumb Code    14  usbd_cdc.o(i.USBD_CDC_RegisterInterface)
    USBD_CDC_SetRxBuffer                     0x0800671b   Thumb Code    14  usbd_cdc.o(i.USBD_CDC_SetRxBuffer)
    USBD_CDC_SetTxBuffer                     0x08006729   Thumb Code    20  usbd_cdc.o(i.USBD_CDC_SetTxBuffer)
    USBD_CDC_TransmitPacket                  0x080067cd   Thumb Code    56  usbd_cdc.o(i.USBD_CDC_TransmitPacket)
    USBD_ClrClassConfig                      0x08006805   Thumb Code    22  usbd_core.o(i.USBD_ClrClassConfig)
    USBD_CtlContinueRx                       0x0800685f   Thumb Code    24  usbd_ioreq.o(i.USBD_CtlContinueRx)
    USBD_CtlContinueSendData                 0x08006877   Thumb Code    24  usbd_ioreq.o(i.USBD_CtlContinueSendData)
    USBD_CtlError                            0x0800688f   Thumb Code    24  usbd_ctlreq.o(i.USBD_CtlError)
    USBD_CtlPrepareRx                        0x080068a7   Thumb Code    40  usbd_ioreq.o(i.USBD_CtlPrepareRx)
    USBD_CtlReceiveStatus                    0x080068cf   Thumb Code    26  usbd_ioreq.o(i.USBD_CtlReceiveStatus)
    USBD_CtlSendData                         0x080068e9   Thumb Code    34  usbd_ioreq.o(i.USBD_CtlSendData)
    USBD_CtlSendStatus                       0x0800690b   Thumb Code    26  usbd_ioreq.o(i.USBD_CtlSendStatus)
    USBD_GetString                           0x08006b33   Thumb Code    82  usbd_ctlreq.o(i.USBD_GetString)
    USBD_HS_ConfigStrDescriptor              0x08006b85   Thumb Code    34  usbd_desc.o(i.USBD_HS_ConfigStrDescriptor)
    USBD_HS_DeviceDescriptor                 0x08006bb9   Thumb Code    10  usbd_desc.o(i.USBD_HS_DeviceDescriptor)
    USBD_HS_InterfaceStrDescriptor           0x08006bc9   Thumb Code    34  usbd_desc.o(i.USBD_HS_InterfaceStrDescriptor)
    USBD_HS_LangIDStrDescriptor              0x08006c01   Thumb Code    10  usbd_desc.o(i.USBD_HS_LangIDStrDescriptor)
    USBD_HS_ManufacturerStrDescriptor        0x08006c11   Thumb Code    20  usbd_desc.o(i.USBD_HS_ManufacturerStrDescriptor)
    USBD_HS_ProductStrDescriptor             0x08006c3d   Thumb Code    34  usbd_desc.o(i.USBD_HS_ProductStrDescriptor)
    USBD_HS_SerialStrDescriptor              0x08006c7d   Thumb Code    34  usbd_desc.o(i.USBD_HS_SerialStrDescriptor)
    USBD_HS_USR_BOSDescriptor                0x08006cb5   Thumb Code    10  usbd_desc.o(i.USBD_HS_USR_BOSDescriptor)
    USBD_Init                                0x08006cc5   Thumb Code    50  usbd_core.o(i.USBD_Init)
    USBD_LL_ClearStallEP                     0x08006cf7   Thumb Code    20  usbd_conf.o(i.USBD_LL_ClearStallEP)
    USBD_LL_CloseEP                          0x08006d0b   Thumb Code    20  usbd_conf.o(i.USBD_LL_CloseEP)
    USBD_LL_DataInStage                      0x08006d1f   Thumb Code   218  usbd_core.o(i.USBD_LL_DataInStage)
    USBD_LL_DataOutStage                     0x08006df9   Thumb Code   134  usbd_core.o(i.USBD_LL_DataOutStage)
    USBD_LL_DevConnected                     0x08006e7f   Thumb Code     6  usbd_core.o(i.USBD_LL_DevConnected)
    USBD_LL_DevDisconnected                  0x08006e85   Thumb Code    26  usbd_core.o(i.USBD_LL_DevDisconnected)
    USBD_LL_GetRxDataSize                    0x08006e9f   Thumb Code    18  usbd_conf.o(i.USBD_LL_GetRxDataSize)
    USBD_LL_Init                             0x08006eb1   Thumb Code   104  usbd_conf.o(i.USBD_LL_Init)
    USBD_LL_IsStallEP                        0x08006f21   Thumb Code    56  usbd_conf.o(i.USBD_LL_IsStallEP)
    USBD_LL_IsoINIncomplete                  0x08006f59   Thumb Code     6  usbd_core.o(i.USBD_LL_IsoINIncomplete)
    USBD_LL_IsoOUTIncomplete                 0x08006f5f   Thumb Code     6  usbd_core.o(i.USBD_LL_IsoOUTIncomplete)
    USBD_LL_OpenEP                           0x08006f65   Thumb Code    32  usbd_conf.o(i.USBD_LL_OpenEP)
    USBD_LL_PrepareReceive                   0x08006f85   Thumb Code    32  usbd_conf.o(i.USBD_LL_PrepareReceive)
    USBD_LL_Reset                            0x08006fa5   Thumb Code    68  usbd_core.o(i.USBD_LL_Reset)
    USBD_LL_Resume                           0x08006fe9   Thumb Code    14  usbd_core.o(i.USBD_LL_Resume)
    USBD_LL_SOF                              0x08006ff7   Thumb Code    34  usbd_core.o(i.USBD_LL_SOF)
    USBD_LL_SetSpeed                         0x08007019   Thumb Code     8  usbd_core.o(i.USBD_LL_SetSpeed)
    USBD_LL_SetUSBAddress                    0x08007021   Thumb Code    20  usbd_conf.o(i.USBD_LL_SetUSBAddress)
    USBD_LL_SetupStage                       0x08007035   Thumb Code   110  usbd_core.o(i.USBD_LL_SetupStage)
    USBD_LL_StallEP                          0x080070a3   Thumb Code    20  usbd_conf.o(i.USBD_LL_StallEP)
    USBD_LL_Start                            0x080070b7   Thumb Code    16  usbd_conf.o(i.USBD_LL_Start)
    USBD_LL_Suspend                          0x080070c7   Thumb Code    20  usbd_core.o(i.USBD_LL_Suspend)
    USBD_LL_Transmit                         0x080070db   Thumb Code    32  usbd_conf.o(i.USBD_LL_Transmit)
    USBD_ParseSetupRequest                   0x080070fb   Thumb Code    40  usbd_ctlreq.o(i.USBD_ParseSetupRequest)
    USBD_RegisterClass                       0x08007123   Thumb Code    16  usbd_core.o(i.USBD_RegisterClass)
    USBD_RunTestMode                         0x08007133   Thumb Code     6  usbd_core.o(i.USBD_RunTestMode)
    USBD_SetClassConfig                      0x0800718d   Thumb Code    34  usbd_core.o(i.USBD_SetClassConfig)
    USBD_Start                               0x080072b5   Thumb Code    14  usbd_core.o(i.USBD_Start)
    USBD_StdDevReq                           0x080072c3   Thumb Code   114  usbd_ctlreq.o(i.USBD_StdDevReq)
    USBD_StdEPReq                            0x08007335   Thumb Code   342  usbd_ctlreq.o(i.USBD_StdEPReq)
    USBD_StdItfReq                           0x0800748b   Thumb Code    74  usbd_ctlreq.o(i.USBD_StdItfReq)
    USB_ActivateEndpoint                     0x080074d5   Thumb Code   192  stm32f7xx_ll_usb.o(i.USB_ActivateEndpoint)
    USB_ActivateSetup                        0x08007599   Thumb Code    68  stm32f7xx_ll_usb.o(i.USB_ActivateSetup)
    USB_CoreInit                             0x080075dd   Thumb Code   108  stm32f7xx_ll_usb.o(i.USB_CoreInit)
    USB_DeactivateEndpoint                   0x08007699   Thumb Code   162  stm32f7xx_ll_usb.o(i.USB_DeactivateEndpoint)
    USB_DevConnect                           0x08007741   Thumb Code    30  stm32f7xx_ll_usb.o(i.USB_DevConnect)
    USB_DevDisconnect                        0x0800775f   Thumb Code    30  stm32f7xx_ll_usb.o(i.USB_DevDisconnect)
    USB_DevInit                              0x0800777d   Thumb Code   412  stm32f7xx_ll_usb.o(i.USB_DevInit)
    USB_DisableGlobalInt                     0x08007929   Thumb Code    14  stm32f7xx_ll_usb.o(i.USB_DisableGlobalInt)
    USB_EP0StartXfer                         0x08007939   Thumb Code   426  stm32f7xx_ll_usb.o(i.USB_EP0StartXfer)
    USB_EP0_OutStart                         0x08007ae9   Thumb Code    68  stm32f7xx_ll_usb.o(i.USB_EP0_OutStart)
    USB_EPClearStall                         0x08007b2d   Thumb Code   136  stm32f7xx_ll_usb.o(i.USB_EPClearStall)
    USB_EPSetStall                           0x08007bb5   Thumb Code   140  stm32f7xx_ll_usb.o(i.USB_EPSetStall)
    USB_EPStartXfer                          0x08007c41   Thumb Code   714  stm32f7xx_ll_usb.o(i.USB_EPStartXfer)
    USB_EnableGlobalInt                      0x08007f11   Thumb Code    14  stm32f7xx_ll_usb.o(i.USB_EnableGlobalInt)
    USB_FlushRxFifo                          0x08007f21   Thumb Code    38  stm32f7xx_ll_usb.o(i.USB_FlushRxFifo)
    USB_FlushTxFifo                          0x08007f4d   Thumb Code    44  stm32f7xx_ll_usb.o(i.USB_FlushTxFifo)
    USB_GetDevSpeed                          0x08007f7d   Thumb Code    68  stm32f7xx_ll_usb.o(i.USB_GetDevSpeed)
    USB_GetMode                              0x08007fc1   Thumb Code    10  stm32f7xx_ll_usb.o(i.USB_GetMode)
    USB_ReadDevAllInEpInterrupt              0x08007fcb   Thumb Code    18  stm32f7xx_ll_usb.o(i.USB_ReadDevAllInEpInterrupt)
    USB_ReadDevAllOutEpInterrupt             0x08007fdd   Thumb Code    18  stm32f7xx_ll_usb.o(i.USB_ReadDevAllOutEpInterrupt)
    USB_ReadDevInEPInterrupt                 0x08007fef   Thumb Code    44  stm32f7xx_ll_usb.o(i.USB_ReadDevInEPInterrupt)
    USB_ReadDevOutEPInterrupt                0x0800801b   Thumb Code    22  stm32f7xx_ll_usb.o(i.USB_ReadDevOutEPInterrupt)
    USB_ReadInterrupts                       0x08008031   Thumb Code    12  stm32f7xx_ll_usb.o(i.USB_ReadInterrupts)
    USB_ReadPacket                           0x0800803d   Thumb Code    40  stm32f7xx_ll_usb.o(i.USB_ReadPacket)
    USB_SetCurrentMode                       0x08008065   Thumb Code    48  stm32f7xx_ll_usb.o(i.USB_SetCurrentMode)
    USB_SetDevAddress                        0x08008095   Thumb Code    36  stm32f7xx_ll_usb.o(i.USB_SetDevAddress)
    USB_SetDevSpeed                          0x080080b9   Thumb Code    16  stm32f7xx_ll_usb.o(i.USB_SetDevSpeed)
    USB_WritePacket                          0x080080c9   Thumb Code    58  stm32f7xx_ll_usb.o(i.USB_WritePacket)
    UsageFault_Handler                       0x08008103   Thumb Code     4  stm32f7xx_it.o(i.UsageFault_Handler)
    __scatterload_copy                       0x08008107   Thumb Code    14  handlers.o(i.__scatterload_copy)
    __scatterload_null                       0x08008115   Thumb Code     2  handlers.o(i.__scatterload_null)
    __scatterload_zeroinit                   0x08008117   Thumb Code    14  handlers.o(i.__scatterload_zeroinit)
    checkCommand                             0x08008125   Thumb Code    74  main.o(i.checkCommand)
    free                                     0x0800817d   Thumb Code    76  malloc.o(i.free)
    main                                     0x080081cd   Thumb Code   166  main.o(i.main)
    malloc                                   0x0800828d   Thumb Code    92  malloc.o(i.malloc)
    AHBPrescTable                            0x080082f8   Data          16  system_stm32f7xx.o(.constdata)
    APBPrescTable                            0x08008308   Data           8  system_stm32f7xx.o(.constdata)
    Region$$Table$$Base                      0x08008318   Number         0  anon$$obj.o(Region$$Table)
    Region$$Table$$Limit                     0x08008348   Number         0  anon$$obj.o(Region$$Table)
    SystemCoreClock                          0x20000000   Data           4  system_stm32f7xx.o(.data)
    USBD_CDC                                 0x20000014   Data          56  usbd_cdc.o(.data)
    USBD_CDC_CfgHSDesc                       0x2000004c   Data          67  usbd_cdc.o(.data)
    USBD_CDC_CfgFSDesc                       0x20000090   Data          67  usbd_cdc.o(.data)
    USBD_CDC_OtherSpeedCfgDesc               0x200000d4   Data          67  usbd_cdc.o(.data)
    HS_Desc                                  0x20000118   Data          32  usbd_desc.o(.data)
    USBD_HS_DeviceDesc                       0x20000138   Data          18  usbd_desc.o(.data)
    USBD_HS_BOSDesc                          0x2000014c   Data          12  usbd_desc.o(.data)
    USBD_LangIDDesc                          0x20000158   Data           4  usbd_desc.o(.data)
    gReady                                   0x20000164   Data           1  main.o(.data)
    gStatus                                  0x20000165   Data           1  main.o(.data)
    gColorType                               0x20000166   Data           1  main.o(.data)
    UserRxBufferHS                           0x20000168   Data           4  usbd_cdc_if.o(.data)
    UserTxBufferHS                           0x2000016c   Data           4  usbd_cdc_if.o(.data)
    USBD_Interface_fops_HS                   0x20000170   Data          16  usbd_cdc_if.o(.data)
    uwTick                                   0x20000180   Data           4  stm32f7xx_hal.o(.data)
    init_reg                                 0x20000184   Data         387  lib_stm32f7_ov5653.o(.data)
    DMA_FRAME_BUFFER                         0x20000308   Data           4  lib_stm32f7_ov5653.o(.data)
    __microlib_freelist                      0x2000030c   Data           4  mvars.o(.data)
    __microlib_freelist_initialised          0x20000310   Data           4  mvars.o(.data)
    USBD_StrDesc                             0x20000314   Data         512  usbd_desc.o(.bss)
    hpcd_USB_OTG_HS                          0x20000514   Data         960  usbd_conf.o(.bss)
    hUsbDeviceHS                             0x200008d4   Data         548  usb_device.o(.bss)
    gRoi                                     0x20000af8   Data          16  main.o(.bss)
    hdcmi                                    0x20000b08   Data          80  main.o(.bss)
    hdma_dcmi                                0x20000b58   Data          96  main.o(.bss)
    heth                                     0x20000bb8   Data          72  main.o(.bss)
    hi2c1                                    0x20000c00   Data          76  main.o(.bss)
    hi2c3                                    0x20000c4c   Data          76  main.o(.bss)
    hi2c4                                    0x20000c98   Data          76  main.o(.bss)
    hi2s2                                    0x20000ce4   Data          64  main.o(.bss)
    hltdc                                    0x20000d24   Data         168  main.o(.bss)
    hsd1                                     0x20000dcc   Data          96  main.o(.bss)
    SDCardInfo1                              0x20000e30   Data          88  main.o(.bss)
    hspi5                                    0x20000e88   Data         100  main.o(.bss)
    huart1                                   0x20000eec   Data         112  main.o(.bss)
    huart2                                   0x20000f5c   Data         112  main.o(.bss)
    hsdram1                                  0x20000fcc   Data          52  main.o(.bss)
    OrgImgBuf                                0x20001000   Data       307200  lib_stm32f7_ov5653.o(.bss)
    __heap_base                              0x2004c000   Data           0  startup_stm32f767xx.o(HEAP)
    __heap_limit                             0x2004d200   Data           0  startup_stm32f767xx.o(HEAP)
    __initial_sp                             0x2004e600   Data           0  startup_stm32f767xx.o(STACK)
    testValue                                0xc0000000   Data           1  test.o(.ARM.__AT_0xC0000000)



==============================================================================

Memory Map of the image

  Image Entry point : 0x080001f9

  Load Region LR_IROM1 (Base: 0x08000000, Size: 0x0000865c, Max: 0x00200000, ABSOLUTE, COMPRESSED[0x0000859c])

    Execution Region ER_IROM1 (Base: 0x08000000, Size: 0x00008348, Max: 0x00200000, ABSOLUTE)

    Base Addr    Size         Type   Attr      Idx    E Section Name        Object

    0x08000000   0x000001f8   Data   RO          165    RESET               startup_stm32f767xx.o
    0x080001f8   0x00000000   Code   RO         5680  * .ARM.Collect$$$$00000000  mc_w.l(entry.o)
    0x080001f8   0x00000004   Code   RO         5719    .ARM.Collect$$$$00000001  mc_w.l(entry2.o)
    0x080001fc   0x00000004   Code   RO         5722    .ARM.Collect$$$$00000004  mc_w.l(entry5.o)
    0x08000200   0x00000000   Code   RO         5724    .ARM.Collect$$$$00000008  mc_w.l(entry7b.o)
    0x08000200   0x00000000   Code   RO         5726    .ARM.Collect$$$$0000000A  mc_w.l(entry8b.o)
    0x08000200   0x00000008   Code   RO         5727    .ARM.Collect$$$$0000000B  mc_w.l(entry9a.o)
    0x08000208   0x00000000   Code   RO         5729    .ARM.Collect$$$$0000000D  mc_w.l(entry10a.o)
    0x08000208   0x00000000   Code   RO         5731    .ARM.Collect$$$$0000000F  mc_w.l(entry11a.o)
    0x08000208   0x00000004   Code   RO         5720    .ARM.Collect$$$$00002712  mc_w.l(entry2.o)
    0x0800020c   0x00000024   Code   RO          166    .text               startup_stm32f767xx.o
    0x08000230   0x00000024   Code   RO         5685    .text               mc_w.l(memcpya.o)
    0x08000254   0x00000024   Code   RO         5687    .text               mc_w.l(memseta.o)
    0x08000278   0x00000024   Code   RO         5739    .text               mc_w.l(init.o)
    0x0800029c   0x00000056   Code   RO         5749    .text               mc_w.l(__dczerorl2.o)
    0x080002f2   0x00000004   Code   RO         1196    i.BusFault_Handler  stm32f7xx_it.o
    0x080002f6   0x00000044   Code   RO         1290    i.CDC_Control_HS    usbd_cdc_if.o
    0x0800033a   0x00000004   Code   RO         1291    i.CDC_DeInit_HS     usbd_cdc_if.o
    0x0800033e   0x00000002   PAD
    0x08000340   0x00000024   Code   RO         1292    i.CDC_Init_HS       usbd_cdc_if.o
    0x08000364   0x0000001c   Code   RO         1293    i.CDC_Receive_HS    usbd_cdc_if.o
    0x08000380   0x00000038   Code   RO         1294    i.CDC_Transmit_HS   usbd_cdc_if.o
    0x080003b8   0x00000024   Code   RO         1932    i.DCMI_DMAError     stm32f7xx_hal_dcmi.o
    0x080003dc   0x000000c6   Code   RO         1933    i.DCMI_DMAXferCplt  stm32f7xx_hal_dcmi.o
    0x080004a2   0x00000002   PAD
    0x080004a4   0x00000010   Code   RO         1197    i.DCMI_IRQHandler   stm32f7xx_it.o
    0x080004b4   0x00000010   Code   RO         1198    i.DMA2_Stream1_IRQHandler  stm32f7xx_it.o
    0x080004c4   0x00000034   Code   RO         1785    i.DMA_CalcBaseAndBitshift  stm32f7xx_hal_dma.o
    0x080004f8   0x000000ba   Code   RO         1786    i.DMA_CheckFifoParam  stm32f7xx_hal_dma.o
    0x080005b2   0x00000020   Code   RO         1891    i.DMA_MultiBufferSetConfig  stm32f7xx_hal_dma_ex.o
    0x080005d2   0x0000002c   Code   RO         1787    i.DMA_SetConfig     stm32f7xx_hal_dma.o
    0x080005fe   0x00000002   Code   RO         1199    i.DebugMon_Handler  stm32f7xx_it.o
    0x08000600   0x00000004   Code   RO         1054    i.Error_Handler     main.o
    0x08000604   0x00000074   Code   RO         2101    i.FMC_SDRAM_Init    stm32f7xx_ll_fmc.o
    0x08000678   0x00000052   Code   RO         2103    i.FMC_SDRAM_SendCommand  stm32f7xx_ll_fmc.o
    0x080006ca   0x00000002   PAD
    0x080006cc   0x0000009c   Code   RO         2105    i.FMC_SDRAM_Timing_Init  stm32f7xx_ll_fmc.o
    0x08000768   0x00000002   Code   RO         1938    i.HAL_DCMI_ErrorCallback  stm32f7xx_hal_dcmi.o
    0x0800076a   0x00000002   Code   RO         1939    i.HAL_DCMI_FrameEventCallback  stm32f7xx_hal_dcmi.o
    0x0800076c   0x000000b4   Code   RO         1942    i.HAL_DCMI_IRQHandler  stm32f7xx_hal_dcmi.o
    0x08000820   0x000000bc   Code   RO         1943    i.HAL_DCMI_Init     stm32f7xx_hal_dcmi.o
    0x080008dc   0x00000002   Code   RO         1944    i.HAL_DCMI_LineEventCallback  stm32f7xx_hal_dcmi.o
    0x080008de   0x00000002   PAD
    0x080008e0   0x00000178   Code   RO          910    i.HAL_DCMI_MspInit  stm32f7xx_hal_msp.o
    0x08000a58   0x000000ec   Code   RO         1948    i.HAL_DCMI_Start_DMA  stm32f7xx_hal_dcmi.o
    0x08000b44   0x00000094   Code   RO         1949    i.HAL_DCMI_Stop     stm32f7xx_hal_dcmi.o
    0x08000bd8   0x00000002   Code   RO         1951    i.HAL_DCMI_VsyncEventCallback  stm32f7xx_hal_dcmi.o
    0x08000bda   0x00000012   Code   RO         1892    i.HAL_DMAEx_ChangeMemory  stm32f7xx_hal_dma_ex.o
    0x08000bec   0x00000fcc   Code   RO         1894    i.HAL_DMAEx_MultiBufferStart_IT  stm32f7xx_hal_dma_ex.o
    0x08001bb8   0x000000aa   Code   RO         1788    i.HAL_DMA_Abort     stm32f7xx_hal_dma.o
    0x08001c62   0x00000028   Code   RO         1789    i.HAL_DMA_Abort_IT  stm32f7xx_hal_dma.o
    0x08001c8a   0x00000002   PAD
    0x08001c8c   0x00000248   Code   RO         1793    i.HAL_DMA_IRQHandler  stm32f7xx_hal_dma.o
    0x08001ed4   0x000000e8   Code   RO         1794    i.HAL_DMA_Init      stm32f7xx_hal_dma.o
    0x08001fbc   0x0000009e   Code   RO         1798    i.HAL_DMA_Start_IT  stm32f7xx_hal_dma.o
    0x0800205a   0x0000001a   Code   RO         5481    i.HAL_Delay         stm32f7xx_hal.o
    0x08002074   0x00000104   Code   RO          914    i.HAL_FMC_MspInit   stm32f7xx_hal_msp.o
    0x08002178   0x00000218   Code   RO         1722    i.HAL_GPIO_Init     stm32f7xx_hal_gpio.o
    0x08002390   0x00000010   Code   RO         1724    i.HAL_GPIO_ReadPin  stm32f7xx_hal_gpio.o
    0x080023a0   0x00000008   Code   RO         1725    i.HAL_GPIO_TogglePin  stm32f7xx_hal_gpio.o
    0x080023a8   0x0000000c   Code   RO         1726    i.HAL_GPIO_WritePin  stm32f7xx_hal_gpio.o
    0x080023b4   0x0000000c   Code   RO         5491    i.HAL_GetTick       stm32f7xx_hal.o
    0x080023c0   0x0000006a   Code   RO         1568    i.HAL_I2CEx_ConfigAnalogFilter  stm32f7xx_hal_i2c_ex.o
    0x0800242a   0x00000002   PAD
    0x0800242c   0x000000bc   Code   RO         3892    i.HAL_I2C_Init      stm32f7xx_hal_i2c.o
    0x080024e8   0x00000174   Code   RO         3903    i.HAL_I2C_Master_Transmit  stm32f7xx_hal_i2c.o
    0x0800265c   0x000000ec   Code   RO          916    i.HAL_I2C_MspInit   stm32f7xx_hal_msp.o
    0x08002748   0x00000118   Code   RO         4437    i.HAL_I2S_Init      stm32f7xx_hal_i2s.o
    0x08002860   0x00000074   Code   RO          918    i.HAL_I2S_MspInit   stm32f7xx_hal_msp.o
    0x080028d4   0x00000010   Code   RO         5492    i.HAL_IncTick       stm32f7xx_hal.o
    0x080028e4   0x00000016   Code   RO         5493    i.HAL_Init          stm32f7xx_hal.o
    0x080028fa   0x00000002   PAD
    0x080028fc   0x00000028   Code   RO         5494    i.HAL_InitTick      stm32f7xx_hal.o
    0x08002924   0x0000005e   Code   RO         2832    i.HAL_LTDC_ConfigLayer  stm32f7xx_hal_ltdc.o
    0x08002982   0x00000002   PAD
    0x08002984   0x00000128   Code   RO         2849    i.HAL_LTDC_Init     stm32f7xx_hal_ltdc.o
    0x08002aac   0x0000012c   Code   RO          920    i.HAL_LTDC_MspInit  stm32f7xx_hal_msp.o
    0x08002bd8   0x00000056   Code   RO          921    i.HAL_MspInit       stm32f7xx_hal_msp.o
    0x08002c2e   0x0000001a   Code   RO         3395    i.HAL_NVIC_EnableIRQ  stm32f7xx_hal_cortex.o
    0x08002c48   0x0000007c   Code   RO         3401    i.HAL_NVIC_SetPriority  stm32f7xx_hal_cortex.o
    0x08002cc4   0x00000028   Code   RO         3402    i.HAL_NVIC_SetPriorityGrouping  stm32f7xx_hal_cortex.o
    0x08002cec   0x00000028   Code   RO         3833    i.HAL_PCDEx_ActivateLPM  stm32f7xx_hal_pcd_ex.o
    0x08002d14   0x00000070   Code   RO          676    i.HAL_PCDEx_LPM_Callback  usbd_conf.o
    0x08002d84   0x0000000a   Code   RO         3836    i.HAL_PCDEx_SetRxFiFo  stm32f7xx_hal_pcd_ex.o
    0x08002d8e   0x00000052   Code   RO         3837    i.HAL_PCDEx_SetTxFiFo  stm32f7xx_hal_pcd_ex.o
    0x08002de0   0x0000000e   Code   RO          677    i.HAL_PCD_ConnectCallback  usbd_conf.o
    0x08002dee   0x00000020   Code   RO          678    i.HAL_PCD_DataInStageCallback  usbd_conf.o
    0x08002e0e   0x00000020   Code   RO          679    i.HAL_PCD_DataOutStageCallback  usbd_conf.o
    0x08002e2e   0x0000000e   Code   RO          680    i.HAL_PCD_DisconnectCallback  usbd_conf.o
    0x08002e3c   0x0000006a   Code   RO         5172    i.HAL_PCD_EP_Close  stm32f7xx_hal_pcd.o
    0x08002ea6   0x00000068   Code   RO         5173    i.HAL_PCD_EP_ClrStall  stm32f7xx_hal_pcd.o
    0x08002f0e   0x00000018   Code   RO         5175    i.HAL_PCD_EP_GetRxCount  stm32f7xx_hal_pcd.o
    0x08002f26   0x0000008c   Code   RO         5176    i.HAL_PCD_EP_Open   stm32f7xx_hal_pcd.o
    0x08002fb2   0x00000078   Code   RO         5177    i.HAL_PCD_EP_Receive  stm32f7xx_hal_pcd.o
    0x0800302a   0x0000007a   Code   RO         5178    i.HAL_PCD_EP_SetStall  stm32f7xx_hal_pcd.o
    0x080030a4   0x0000007a   Code   RO         5179    i.HAL_PCD_EP_Transmit  stm32f7xx_hal_pcd.o
    0x0800311e   0x00000002   PAD
    0x08003120   0x000006dc   Code   RO         5181    i.HAL_PCD_IRQHandler  stm32f7xx_hal_pcd.o
    0x080037fc   0x00000012   Code   RO          681    i.HAL_PCD_ISOINIncompleteCallback  usbd_conf.o
    0x0800380e   0x00000012   Code   RO          682    i.HAL_PCD_ISOOUTIncompleteCallback  usbd_conf.o
    0x08003820   0x0000014e   Code   RO         5184    i.HAL_PCD_Init      stm32f7xx_hal_pcd.o
    0x0800396e   0x00000002   PAD
    0x08003970   0x00000104   Code   RO          684    i.HAL_PCD_MspInit   usbd_conf.o
    0x08003a74   0x00000032   Code   RO          685    i.HAL_PCD_ResetCallback  usbd_conf.o
    0x08003aa6   0x0000000e   Code   RO          686    i.HAL_PCD_ResumeCallback  usbd_conf.o
    0x08003ab4   0x0000000e   Code   RO          687    i.HAL_PCD_SOFCallback  usbd_conf.o
    0x08003ac2   0x00000032   Code   RO         5190    i.HAL_PCD_SetAddress  stm32f7xx_hal_pcd.o
    0x08003af4   0x00000012   Code   RO          688    i.HAL_PCD_SetupStageCallback  usbd_conf.o
    0x08003b06   0x00000034   Code   RO         5192    i.HAL_PCD_Start     stm32f7xx_hal_pcd.o
    0x08003b3a   0x00000002   PAD
    0x08003b3c   0x00000034   Code   RO          689    i.HAL_PCD_SuspendCallback  usbd_conf.o
    0x08003b70   0x00000090   Code   RO         4917    i.HAL_PWREx_EnableOverDrive  stm32f7xx_hal_pwr_ex.o
    0x08003c00   0x00000980   Code   RO         5005    i.HAL_RCCEx_PeriphCLKConfig  stm32f7xx_hal_rcc_ex.o
    0x08004580   0x000001b4   Code   RO         3732    i.HAL_RCC_ClockConfig  stm32f7xx_hal_rcc.o
    0x08004734   0x0000000c   Code   RO         3737    i.HAL_RCC_GetHCLKFreq  stm32f7xx_hal_rcc.o
    0x08004740   0x0000002c   Code   RO         3739    i.HAL_RCC_GetPCLK1Freq  stm32f7xx_hal_rcc.o
    0x0800476c   0x0000002c   Code   RO         3740    i.HAL_RCC_GetPCLK2Freq  stm32f7xx_hal_rcc.o
    0x08004798   0x000000b4   Code   RO         3741    i.HAL_RCC_GetSysClockFreq  stm32f7xx_hal_rcc.o
    0x0800484c   0x000004d0   Code   RO         5006    i.HAL_RCC_OscConfig  stm32f7xx_hal_rcc_ex.o
    0x08004d1c   0x00000040   Code   RO         1418    i.HAL_SDRAM_Init    stm32f7xx_hal_sdram.o
    0x08004d5c   0x0000000a   Code   RO          923    i.HAL_SDRAM_MspInit  stm32f7xx_hal_msp.o
    0x08004d66   0x0000003a   Code   RO         1427    i.HAL_SDRAM_SendCommand  stm32f7xx_hal_sdram.o
    0x08004da0   0x000000b2   Code   RO         2548    i.HAL_SPI_Init      stm32f7xx_hal_spi.o
    0x08004e52   0x00000002   PAD
    0x08004e54   0x00000058   Code   RO          927    i.HAL_SPI_MspInit   stm32f7xx_hal_msp.o
    0x08004eac   0x00000028   Code   RO         3404    i.HAL_SYSTICK_CLKSourceConfig  stm32f7xx_hal_cortex.o
    0x08004ed4   0x00000002   Code   RO         3405    i.HAL_SYSTICK_Callback  stm32f7xx_hal_cortex.o
    0x08004ed6   0x00000034   Code   RO         3406    i.HAL_SYSTICK_Config  stm32f7xx_hal_cortex.o
    0x08004f0a   0x00000008   Code   RO         3407    i.HAL_SYSTICK_IRQHandler  stm32f7xx_hal_cortex.o
    0x08004f12   0x00000078   Code   RO         4637    i.HAL_UART_Init     stm32f7xx_hal_uart.o
    0x08004f8a   0x00000002   PAD
    0x08004f8c   0x000000c8   Code   RO          929    i.HAL_UART_MspInit  stm32f7xx_hal_msp.o
    0x08005054   0x00000004   Code   RO         1200    i.HardFault_Handler  stm32f7xx_it.o
    0x08005058   0x00000028   Code   RO         3934    i.I2C_Flush_TXDR    stm32f7xx_hal_i2c.o
    0x08005080   0x0000008c   Code   RO         3942    i.I2C_IsAcknowledgeFailed  stm32f7xx_hal_i2c.o
    0x0800510c   0x00000030   Code   RO         3949    i.I2C_TransferConfig  stm32f7xx_hal_i2c.o
    0x0800513c   0x00000056   Code   RO         3950    i.I2C_WaitOnFlagUntilTimeout  stm32f7xx_hal_i2c.o
    0x08005192   0x00000056   Code   RO         3952    i.I2C_WaitOnSTOPFlagUntilTimeout  stm32f7xx_hal_i2c.o
    0x080051e8   0x0000005a   Code   RO         3953    i.I2C_WaitOnTXISFlagUntilTimeout  stm32f7xx_hal_i2c.o
    0x08005242   0x00000002   PAD
    0x08005244   0x00000074   Code   RO         4455    i.I2S_GetClockFreq  stm32f7xx_hal_i2s.o
    0x080052b8   0x00000094   Code   RO         1388    i.IS42S16160G_6BL_Init_Sequence  is42s16160g-6bl.o
    0x0800534c   0x0000002c   Code   RO         1343    i.LEDs_TEST         test.o
    0x08005378   0x00000212   Code   RO         2868    i.LTDC_SetConfig    stm32f7xx_hal_ltdc.o
    0x0800558a   0x00000002   PAD
    0x0800558c   0x0000003c   Code   RO         1055    i.MX_DCMI_Init      main.o
    0x080055c8   0x00000034   Code   RO         1056    i.MX_DMA_Init       main.o
    0x080055fc   0x00000070   Code   RO         1058    i.MX_FMC_Init       main.o
    0x0800566c   0x000002ec   Code   RO         1059    i.MX_GPIO_Init      main.o
    0x08005958   0x00000048   Code   RO         1060    i.MX_I2C1_Init      main.o
    0x080059a0   0x00000048   Code   RO         1061    i.MX_I2C3_Init      main.o
    0x080059e8   0x00000048   Code   RO         1062    i.MX_I2C4_Init      main.o
    0x08005a30   0x0000003c   Code   RO         1063    i.MX_I2S2_Init      main.o
    0x08005a6c   0x000000e4   Code   RO         1064    i.MX_LTDC_Init      main.o
    0x08005b50   0x00000050   Code   RO         1066    i.MX_SPI5_Init      main.o
    0x08005ba0   0x00000044   Code   RO         1067    i.MX_USART1_UART_Init  main.o
    0x08005be4   0x00000044   Code   RO         1068    i.MX_USART2_UART_Init  main.o
    0x08005c28   0x00000034   Code   RO          871    i.MX_USB_DEVICE_Init  usb_device.o
    0x08005c5c   0x00000004   Code   RO         1201    i.MemManage_Handler  stm32f7xx_it.o
    0x08005c60   0x00000002   Code   RO         1202    i.NMI_Handler       stm32f7xx_it.o
    0x08005c62   0x00000002   PAD
    0x08005c64   0x00000010   Code   RO         3408    i.NVIC_GetPriorityGrouping  stm32f7xx_hal_cortex.o
    0x08005c74   0x00000028   Code   RO         3409    i.NVIC_SetPriority  stm32f7xx_hal_cortex.o
    0x08005c9c   0x00000010   Code   RO         1203    i.OTG_HS_IRQHandler  stm32f7xx_it.o
    0x08005cac   0x00000038   Code   RO         5645    i.OV5653_InitConfig  lib_stm32f7_ov5653.o
    0x08005ce4   0x00000028   Code   RO         5646    i.OV5653_Reset      lib_stm32f7_ov5653.o
    0x08005d0c   0x000000b0   Code   RO         5195    i.PCD_WriteEmptyTxFifo  stm32f7xx_hal_pcd.o
    0x08005dbc   0x00000002   Code   RO         1204    i.PendSV_Handler    stm32f7xx_it.o
    0x08005dbe   0x00000002   Code   RO         1205    i.SVC_Handler       stm32f7xx_it.o
    0x08005dc0   0x00000050   Code   RO         1069    i.SendImage         main.o
    0x08005e10   0x00000044   Code   RO         1070    i.SendRoiImage      main.o
    0x08005e54   0x0000000c   Code   RO         1206    i.SysTick_Handler   stm32f7xx_it.o
    0x08005e60   0x00000110   Code   RO         1071    i.SystemClock_Config  main.o
    0x08005f70   0x00000064   Code   RO            5    i.SystemInit        system_stm32f7xx.o
    0x08005fd4   0x000000ea   Code   RO         4650    i.UART_AdvFeatureConfig  stm32f7xx_hal_uart.o
    0x080060be   0x00000074   Code   RO         4651    i.UART_CheckIdleState  stm32f7xx_hal_uart.o
    0x08006132   0x00000002   PAD
    0x08006134   0x0000038c   Code   RO         4662    i.UART_SetConfig    stm32f7xx_hal_uart.o
    0x080064c0   0x0000006c   Code   RO         4664    i.UART_WaitOnFlagUntilTimeout  stm32f7xx_hal_uart.o
    0x0800652c   0x0000001a   Code   RO          296    i.USBD_CDC_DataIn   usbd_cdc.o
    0x08006546   0x00000034   Code   RO          297    i.USBD_CDC_DataOut  usbd_cdc.o
    0x0800657a   0x00000040   Code   RO          298    i.USBD_CDC_DeInit   usbd_cdc.o
    0x080065ba   0x00000032   Code   RO          299    i.USBD_CDC_EP0_RxReady  usbd_cdc.o
    0x080065ec   0x00000010   Code   RO          300    i.USBD_CDC_GetDeviceQualifierDescriptor  usbd_cdc.o
    0x080065fc   0x00000010   Code   RO          301    i.USBD_CDC_GetFSCfgDesc  usbd_cdc.o
    0x0800660c   0x00000010   Code   RO          302    i.USBD_CDC_GetHSCfgDesc  usbd_cdc.o
    0x0800661c   0x00000010   Code   RO          303    i.USBD_CDC_GetOtherSpeedCfgDesc  usbd_cdc.o
    0x0800662c   0x000000a6   Code   RO          304    i.USBD_CDC_Init     usbd_cdc.o
    0x080066d2   0x0000003a   Code   RO          305    i.USBD_CDC_ReceivePacket  usbd_cdc.o
    0x0800670c   0x0000000e   Code   RO          306    i.USBD_CDC_RegisterInterface  usbd_cdc.o
    0x0800671a   0x0000000e   Code   RO          307    i.USBD_CDC_SetRxBuffer  usbd_cdc.o
    0x08006728   0x00000014   Code   RO          308    i.USBD_CDC_SetTxBuffer  usbd_cdc.o
    0x0800673c   0x00000090   Code   RO          309    i.USBD_CDC_Setup    usbd_cdc.o
    0x080067cc   0x00000038   Code   RO          310    i.USBD_CDC_TransmitPacket  usbd_cdc.o
    0x08006804   0x00000016   Code   RO          405    i.USBD_ClrClassConfig  usbd_core.o
    0x0800681a   0x00000044   Code   RO          173    i.USBD_ClrFeature   usbd_ctlreq.o
    0x0800685e   0x00000018   Code   RO          543    i.USBD_CtlContinueRx  usbd_ioreq.o
    0x08006876   0x00000018   Code   RO          544    i.USBD_CtlContinueSendData  usbd_ioreq.o
    0x0800688e   0x00000018   Code   RO          174    i.USBD_CtlError     usbd_ctlreq.o
    0x080068a6   0x00000028   Code   RO          545    i.USBD_CtlPrepareRx  usbd_ioreq.o
    0x080068ce   0x0000001a   Code   RO          546    i.USBD_CtlReceiveStatus  usbd_ioreq.o
    0x080068e8   0x00000022   Code   RO          547    i.USBD_CtlSendData  usbd_ioreq.o
    0x0800690a   0x0000001a   Code   RO          548    i.USBD_CtlSendStatus  usbd_ioreq.o
    0x08006924   0x00000050   Code   RO          175    i.USBD_GetConfig    usbd_ctlreq.o
    0x08006974   0x00000166   Code   RO          176    i.USBD_GetDescriptor  usbd_ctlreq.o
    0x08006ada   0x00000014   Code   RO          177    i.USBD_GetLen       usbd_ctlreq.o
    0x08006aee   0x00000044   Code   RO          178    i.USBD_GetStatus    usbd_ctlreq.o
    0x08006b32   0x00000052   Code   RO          179    i.USBD_GetString    usbd_ctlreq.o
    0x08006b84   0x00000034   Code   RO          603    i.USBD_HS_ConfigStrDescriptor  usbd_desc.o
    0x08006bb8   0x00000010   Code   RO          604    i.USBD_HS_DeviceDescriptor  usbd_desc.o
    0x08006bc8   0x00000038   Code   RO          605    i.USBD_HS_InterfaceStrDescriptor  usbd_desc.o
    0x08006c00   0x00000010   Code   RO          606    i.USBD_HS_LangIDStrDescriptor  usbd_desc.o
    0x08006c10   0x0000002c   Code   RO          607    i.USBD_HS_ManufacturerStrDescriptor  usbd_desc.o
    0x08006c3c   0x00000040   Code   RO          608    i.USBD_HS_ProductStrDescriptor  usbd_desc.o
    0x08006c7c   0x00000038   Code   RO          609    i.USBD_HS_SerialStrDescriptor  usbd_desc.o
    0x08006cb4   0x00000010   Code   RO          610    i.USBD_HS_USR_BOSDescriptor  usbd_desc.o
    0x08006cc4   0x00000032   Code   RO          407    i.USBD_Init         usbd_core.o
    0x08006cf6   0x00000014   Code   RO          690    i.USBD_LL_ClearStallEP  usbd_conf.o
    0x08006d0a   0x00000014   Code   RO          691    i.USBD_LL_CloseEP   usbd_conf.o
    0x08006d1e   0x000000da   Code   RO          408    i.USBD_LL_DataInStage  usbd_core.o
    0x08006df8   0x00000086   Code   RO          409    i.USBD_LL_DataOutStage  usbd_core.o
    0x08006e7e   0x00000006   Code   RO          410    i.USBD_LL_DevConnected  usbd_core.o
    0x08006e84   0x0000001a   Code   RO          411    i.USBD_LL_DevDisconnected  usbd_core.o
    0x08006e9e   0x00000012   Code   RO          695    i.USBD_LL_GetRxDataSize  usbd_conf.o
    0x08006eb0   0x00000070   Code   RO          696    i.USBD_LL_Init      usbd_conf.o
    0x08006f20   0x00000038   Code   RO          697    i.USBD_LL_IsStallEP  usbd_conf.o
    0x08006f58   0x00000006   Code   RO          412    i.USBD_LL_IsoINIncomplete  usbd_core.o
    0x08006f5e   0x00000006   Code   RO          413    i.USBD_LL_IsoOUTIncomplete  usbd_core.o
    0x08006f64   0x00000020   Code   RO          698    i.USBD_LL_OpenEP    usbd_conf.o
    0x08006f84   0x00000020   Code   RO          699    i.USBD_LL_PrepareReceive  usbd_conf.o
    0x08006fa4   0x00000044   Code   RO          414    i.USBD_LL_Reset     usbd_core.o
    0x08006fe8   0x0000000e   Code   RO          415    i.USBD_LL_Resume    usbd_core.o
    0x08006ff6   0x00000022   Code   RO          416    i.USBD_LL_SOF       usbd_core.o
    0x08007018   0x00000008   Code   RO          417    i.USBD_LL_SetSpeed  usbd_core.o
    0x08007020   0x00000014   Code   RO          700    i.USBD_LL_SetUSBAddress  usbd_conf.o
    0x08007034   0x0000006e   Code   RO          418    i.USBD_LL_SetupStage  usbd_core.o
    0x080070a2   0x00000014   Code   RO          701    i.USBD_LL_StallEP   usbd_conf.o
    0x080070b6   0x00000010   Code   RO          702    i.USBD_LL_Start     usbd_conf.o
    0x080070c6   0x00000014   Code   RO          419    i.USBD_LL_Suspend   usbd_core.o
    0x080070da   0x00000020   Code   RO          704    i.USBD_LL_Transmit  usbd_conf.o
    0x080070fa   0x00000028   Code   RO          180    i.USBD_ParseSetupRequest  usbd_ctlreq.o
    0x08007122   0x00000010   Code   RO          420    i.USBD_RegisterClass  usbd_core.o
    0x08007132   0x00000006   Code   RO          421    i.USBD_RunTestMode  usbd_core.o
    0x08007138   0x00000054   Code   RO          181    i.USBD_SetAddress   usbd_ctlreq.o
    0x0800718c   0x00000022   Code   RO          422    i.USBD_SetClassConfig  usbd_core.o
    0x080071ae   0x00000002   PAD
    0x080071b0   0x000000e0   Code   RO          182    i.USBD_SetConfig    usbd_ctlreq.o
    0x08007290   0x00000024   Code   RO          183    i.USBD_SetFeature   usbd_ctlreq.o
    0x080072b4   0x0000000e   Code   RO          423    i.USBD_Start        usbd_core.o
    0x080072c2   0x00000072   Code   RO          184    i.USBD_StdDevReq    usbd_ctlreq.o
    0x08007334   0x00000156   Code   RO          185    i.USBD_StdEPReq     usbd_ctlreq.o
    0x0800748a   0x0000004a   Code   RO          186    i.USBD_StdItfReq    usbd_ctlreq.o
    0x080074d4   0x000000c4   Code   RO         3105    i.USB_ActivateEndpoint  stm32f7xx_ll_usb.o
    0x08007598   0x00000044   Code   RO         3106    i.USB_ActivateSetup  stm32f7xx_ll_usb.o
    0x080075dc   0x00000070   Code   RO         3108    i.USB_CoreInit      stm32f7xx_ll_usb.o
    0x0800764c   0x0000004c   Code   RO         3109    i.USB_CoreReset     stm32f7xx_ll_usb.o
    0x08007698   0x000000a8   Code   RO         3111    i.USB_DeactivateEndpoint  stm32f7xx_ll_usb.o
    0x08007740   0x0000001e   Code   RO         3112    i.USB_DevConnect    stm32f7xx_ll_usb.o
    0x0800775e   0x0000001e   Code   RO         3113    i.USB_DevDisconnect  stm32f7xx_ll_usb.o
    0x0800777c   0x000001ac   Code   RO         3114    i.USB_DevInit       stm32f7xx_ll_usb.o
    0x08007928   0x0000000e   Code   RO         3115    i.USB_DisableGlobalInt  stm32f7xx_ll_usb.o
    0x08007936   0x00000002   PAD
    0x08007938   0x000001b0   Code   RO         3118    i.USB_EP0StartXfer  stm32f7xx_ll_usb.o
    0x08007ae8   0x00000044   Code   RO         3119    i.USB_EP0_OutStart  stm32f7xx_ll_usb.o
    0x08007b2c   0x00000088   Code   RO         3120    i.USB_EPClearStall  stm32f7xx_ll_usb.o
    0x08007bb4   0x0000008c   Code   RO         3121    i.USB_EPSetStall    stm32f7xx_ll_usb.o
    0x08007c40   0x000002d0   Code   RO         3122    i.USB_EPStartXfer   stm32f7xx_ll_usb.o
    0x08007f10   0x0000000e   Code   RO         3123    i.USB_EnableGlobalInt  stm32f7xx_ll_usb.o
    0x08007f1e   0x00000002   PAD
    0x08007f20   0x0000002c   Code   RO         3124    i.USB_FlushRxFifo   stm32f7xx_ll_usb.o
    0x08007f4c   0x00000030   Code   RO         3125    i.USB_FlushTxFifo   stm32f7xx_ll_usb.o
    0x08007f7c   0x00000044   Code   RO         3127    i.USB_GetDevSpeed   stm32f7xx_ll_usb.o
    0x08007fc0   0x0000000a   Code   RO         3129    i.USB_GetMode       stm32f7xx_ll_usb.o
    0x08007fca   0x00000012   Code   RO         3136    i.USB_ReadDevAllInEpInterrupt  stm32f7xx_ll_usb.o
    0x08007fdc   0x00000012   Code   RO         3137    i.USB_ReadDevAllOutEpInterrupt  stm32f7xx_ll_usb.o
    0x08007fee   0x0000002c   Code   RO         3138    i.USB_ReadDevInEPInterrupt  stm32f7xx_ll_usb.o
    0x0800801a   0x00000016   Code   RO         3139    i.USB_ReadDevOutEPInterrupt  stm32f7xx_ll_usb.o
    0x08008030   0x0000000c   Code   RO         3140    i.USB_ReadInterrupts  stm32f7xx_ll_usb.o
    0x0800803c   0x00000028   Code   RO         3141    i.USB_ReadPacket    stm32f7xx_ll_usb.o
    0x08008064   0x00000030   Code   RO         3143    i.USB_SetCurrentMode  stm32f7xx_ll_usb.o
    0x08008094   0x00000024   Code   RO         3144    i.USB_SetDevAddress  stm32f7xx_ll_usb.o
    0x080080b8   0x00000010   Code   RO         3145    i.USB_SetDevSpeed   stm32f7xx_ll_usb.o
    0x080080c8   0x0000003a   Code   RO         3148    i.USB_WritePacket   stm32f7xx_ll_usb.o
    0x08008102   0x00000004   Code   RO         1207    i.UsageFault_Handler  stm32f7xx_it.o
    0x08008106   0x0000000e   Code   RO         5743    i.__scatterload_copy  mc_w.l(handlers.o)
    0x08008114   0x00000002   Code   RO         5744    i.__scatterload_null  mc_w.l(handlers.o)
    0x08008116   0x0000000e   Code   RO         5745    i.__scatterload_zeroinit  mc_w.l(handlers.o)
    0x08008124   0x00000058   Code   RO         1072    i.checkCommand      main.o
    0x0800817c   0x00000050   Code   RO         5691    i.free              mc_w.l(malloc.o)
    0x080081cc   0x000000c0   Code   RO         1073    i.main              main.o
    0x0800828c   0x0000006c   Code   RO         5692    i.malloc            mc_w.l(malloc.o)
    0x080082f8   0x00000018   Data   RO            6    .constdata          system_stm32f7xx.o
    0x08008310   0x00000008   Data   RO         1800    .constdata          stm32f7xx_hal_dma.o
    0x08008318   0x00000030   Data   RO         5741    Region$$Table       anon$$obj.o


    Execution Region RW_IRAM1 (Base: 0x20000000, Size: 0x0004e600, Max: 0x00080000, ABSOLUTE, COMPRESSED[0x00000254])

    Base Addr    Size         Type   Attr      Idx    E Section Name        Object

    0x20000000   0x00000004   Data   RW            7    .data               system_stm32f7xx.o
    0x20000004   0x00000001   Data   RW          187    .data               usbd_ctlreq.o
    0x20000005   0x00000003   PAD
    0x20000008   0x00000110   Data   RW          311    .data               usbd_cdc.o
    0x20000118   0x00000044   Data   RW          612    .data               usbd_desc.o
    0x2000015c   0x00000008   Data   RW          930    .data               stm32f7xx_hal_msp.o
    0x20000164   0x00000003   Data   RW         1075    .data               main.o
    0x20000167   0x00000001   PAD
    0x20000168   0x00000018   Data   RW         1295    .data               usbd_cdc_if.o
    0x20000180   0x00000004   Data   RW         5499    .data               stm32f7xx_hal.o
    0x20000184   0x00000188   Data   RW         5648    .data               lib_stm32f7_ov5653.o
    0x2000030c   0x00000004   Data   RW         5737    .data               mc_w.l(mvars.o)
    0x20000310   0x00000004   Data   RW         5738    .data               mc_w.l(mvars.o)
    0x20000314   0x00000200   Zero   RW          611    .bss                usbd_desc.o
    0x20000514   0x000003c0   Zero   RW          705    .bss                usbd_conf.o
    0x200008d4   0x00000224   Zero   RW          872    .bss                usb_device.o
    0x20000af8   0x00000508   Zero   RW         1074    .bss                main.o
    0x20001000   0x0004b000   Zero   RW         5647    .bss                lib_stm32f7_ov5653.o
    0x2004c000   0x00001200   Zero   RW          164    HEAP                startup_stm32f767xx.o
    0x2004d200   0x00001400   Zero   RW          163    STACK               startup_stm32f767xx.o


    Execution Region RW_RAM1 (Base: 0xc0000000, Size: 0x00000004, Max: 0x02000000, ABSOLUTE)

    Base Addr    Size         Type   Attr      Idx    E Section Name        Object

    0xc0000000   0x00000001   Zero   RW         1346    .ARM.__AT_0xC0000000  test.o


==============================================================================

Image component sizes


      Code (inc. data)   RO Data    RW Data    ZI Data      Debug   Object Name

       148          0          0          0          0       1620   is42s16160g-6bl.o
        96         16          0        392     307200       2417   lib_stm32f7_ov5653.o
      2396        210          0          3       1288      11836   main.o
        36          8        504          0       9728        796   startup_stm32f767xx.o
       116         14          0          4          0       3723   stm32f7xx_hal.o
       348         22          0          0          0      37565   stm32f7xx_hal_cortex.o
       994         24          0          0          0       7573   stm32f7xx_hal_dcmi.o
      1466         20          8          0          0       6978   stm32f7xx_hal_dma.o
      4094         42          0          0          0       4893   stm32f7xx_hal_dma_ex.o
       572         52          0          0          0       3672   stm32f7xx_hal_gpio.o
      1050         18          0          0          0       8353   stm32f7xx_hal_i2c.o
       106          0          0          0          0       1103   stm32f7xx_hal_i2c_ex.o
       396         24          0          0          0       2127   stm32f7xx_hal_i2s.o
       920          6          0          0          0       2819   stm32f7xx_hal_ltdc.o
      1672        198          0          8          0       6953   stm32f7xx_hal_msp.o
      3106         44          0          0          0      11101   stm32f7xx_hal_pcd.o
       132          4          0          0          0       2452   stm32f7xx_hal_pcd_ex.o
       144          8          0          0          0       1256   stm32f7xx_hal_pwr_ex.o
       716         50          0          0          0       3980   stm32f7xx_hal_rcc.o
      3664         32          0          0          0       3684   stm32f7xx_hal_rcc_ex.o
       122          0          0          0          0       1949   stm32f7xx_hal_sdram.o
       178          0          0          0          0       1171   stm32f7xx_hal_spi.o
      1486         50          0          0          0       4509   stm32f7xx_hal_uart.o
        84         18          0          0          0       5494   stm32f7xx_it.o
       354          4          0          0          0       2813   stm32f7xx_ll_fmc.o
      3114         58          0          0          0      20378   stm32f7xx_ll_usb.o
       100         18         24          4          0     507963   system_stm32f7xx.o
        44         12          0          0          1        652   test.o
        52         16          0          0        548       2355   usb_device.o
       728         30          0        272          0      13046   usbd_cdc.o
       192         22          0         24          0       3489   usbd_cdc_if.o
      1026         48          0          0        960      15151   usbd_conf.o
       792          0          0          0          0      12705   usbd_core.o
      1614         22          0          1          0      15164   usbd_ctlreq.o
       320        134          0         68        512       5971   usbd_desc.o
       174          0          0          0          0       4664   usbd_ioreq.o

    ----------------------------------------------------------------------
     32592       1224        584        780     320240     742375   Object Totals
         0          0         48          0          0          0   (incl. Generated)
        40          0          0          4          3          0   (incl. Padding)

    ----------------------------------------------------------------------

      Code (inc. data)   RO Data    RW Data    ZI Data      Debug   Library Member Name

        86          0          0          0          0          0   __dczerorl2.o
         0          0          0          0          0          0   entry.o
         0          0          0          0          0          0   entry10a.o
         0          0          0          0          0          0   entry11a.o
         8          4          0          0          0          0   entry2.o
         4          0          0          0          0          0   entry5.o
         0          0          0          0          0          0   entry7b.o
         0          0          0          0          0          0   entry8b.o
         8          4          0          0          0          0   entry9a.o
        30          0          0          0          0          0   handlers.o
        36          8          0          0          0         68   init.o
       188         20          0          0          0        160   malloc.o
        36          0          0          0          0         68   memcpya.o
        36          0          0          0          0        108   memseta.o
         0          0          0          8          0          0   mvars.o

    ----------------------------------------------------------------------
       432         36          0          8          0        404   Library Totals
         0          0          0          0          0          0   (incl. Padding)

    ----------------------------------------------------------------------

      Code (inc. data)   RO Data    RW Data    ZI Data      Debug   Library Name

       432         36          0          8          0        404   mc_w.l

    ----------------------------------------------------------------------
       432         36          0          8          0        404   Library Totals

    ----------------------------------------------------------------------

==============================================================================


      Code (inc. data)   RO Data    RW Data    ZI Data      Debug   

     33024       1260        584        788     320240     718407   Grand Totals
     33024       1260        584        596     320240     718407   ELF Image Totals (compressed)
     33024       1260        584        596          0          0   ROM Totals

==============================================================================

    Total RO  Size (Code + RO Data)                33608 (  32.82kB)
    Total RW  Size (RW Data + ZI Data)            321028 ( 313.50kB)
    Total ROM Size (Code + RO Data + RW Data)      34204 (  33.40kB)

==============================================================================

